
         /\      Grafana   /‾‾/  
    /\  /  \     |\  __   /  /   
   /  \/    \    | |/ /  /   ‾‾\ 
  /          \   |   (  |  (‾)  |
 / __________ \  |_|\_\  \_____/ 


     execution: local
        script: k6/bench.js
        output: -

     scenarios: (100.00%) 1 scenario, 50 max VUs, 40s max duration (incl. graceful stop):
              * show: 50 looping VUs for 30s (exec: show, gracefulStop: 10s)


running (01.0s), 50/50 VUs, 5286 complete and 0 interrupted iterations
show   [   3% ] 50 VUs  01.0s/30s

running (02.0s), 50/50 VUs, 13012 complete and 0 interrupted iterations
show   [   7% ] 50 VUs  02.0s/30s

running (03.0s), 50/50 VUs, 18735 complete and 0 interrupted iterations
show   [  10% ] 50 VUs  03.0s/30s

running (04.0s), 50/50 VUs, 26652 complete and 0 interrupted iterations
show   [  13% ] 50 VUs  04.0s/30s

running (05.0s), 50/50 VUs, 32371 complete and 0 interrupted iterations
show   [  17% ] 50 VUs  05.0s/30s

running (06.0s), 50/50 VUs, 38994 complete and 0 interrupted iterations
show   [  20% ] 50 VUs  06.0s/30s

running (07.0s), 50/50 VUs, 46368 complete and 0 interrupted iterations
show   [  23% ] 50 VUs  07.0s/30s

running (08.0s), 50/50 VUs, 52545 complete and 0 interrupted iterations
show   [  27% ] 50 VUs  08.0s/30s

running (09.0s), 50/50 VUs, 56506 complete and 0 interrupted iterations
show   [  30% ] 50 VUs  09.0s/30s

running (10.0s), 50/50 VUs, 61028 complete and 0 interrupted iterations
show   [  33% ] 50 VUs  10.0s/30s

running (11.0s), 50/50 VUs, 66216 complete and 0 interrupted iterations
show   [  37% ] 50 VUs  11.0s/30s

running (12.0s), 50/50 VUs, 71093 complete and 0 interrupted iterations
show   [  40% ] 50 VUs  12.0s/30s

running (13.0s), 50/50 VUs, 76069 complete and 0 interrupted iterations
show   [  43% ] 50 VUs  13.0s/30s

running (14.0s), 50/50 VUs, 83278 complete and 0 interrupted iterations
show   [  47% ] 50 VUs  14.0s/30s

running (15.0s), 50/50 VUs, 91005 complete and 0 interrupted iterations
show   [  50% ] 50 VUs  15.0s/30s

running (16.0s), 50/50 VUs, 99436 complete and 0 interrupted iterations
show   [  53% ] 50 VUs  16.0s/30s

running (17.0s), 50/50 VUs, 108466 complete and 0 interrupted iterations
show   [  57% ] 50 VUs  17.0s/30s

running (18.0s), 50/50 VUs, 116831 complete and 0 interrupted iterations
show   [  60% ] 50 VUs  18.0s/30s

running (19.0s), 50/50 VUs, 125479 complete and 0 interrupted iterations
show   [  63% ] 50 VUs  19.0s/30s

running (20.0s), 50/50 VUs, 133070 complete and 0 interrupted iterations
show   [  67% ] 50 VUs  20.0s/30s

running (21.0s), 50/50 VUs, 142169 complete and 0 interrupted iterations
show   [  70% ] 50 VUs  21.0s/30s

running (22.0s), 50/50 VUs, 151781 complete and 0 interrupted iterations
show   [  73% ] 50 VUs  22.0s/30s

running (23.0s), 50/50 VUs, 159636 complete and 0 interrupted iterations
show   [  77% ] 50 VUs  23.0s/30s

running (24.0s), 50/50 VUs, 169113 complete and 0 interrupted iterations
show   [  80% ] 50 VUs  24.0s/30s

running (25.0s), 50/50 VUs, 176588 complete and 0 interrupted iterations
show   [  83% ] 50 VUs  25.0s/30s

running (26.0s), 50/50 VUs, 185802 complete and 0 interrupted iterations
show   [  87% ] 50 VUs  26.0s/30s

running (27.0s), 50/50 VUs, 194379 complete and 0 interrupted iterations
show   [  90% ] 50 VUs  27.0s/30s

running (28.0s), 50/50 VUs, 200475 complete and 0 interrupted iterations
show   [  93% ] 50 VUs  28.0s/30s

running (29.0s), 50/50 VUs, 207391 complete and 0 interrupted iterations
show   [  97% ] 50 VUs  29.0s/30s

running (30.0s), 50/50 VUs, 214967 complete and 0 interrupted iterations
show   [ 100% ] 50 VUs  30s


  █ THRESHOLDS 

    failed_requests
    ✓ 'rate<0.01' rate=0.00%


  █ TOTAL RESULTS 

    checks_total.......: 430034  14333.812041/s
    checks_succeeded...: 100.00% 430034 out of 430034
    checks_failed......: 0.00%   0 out of 430034

    ✓ status ok
    ✓ has data

    CUSTOM
    failed_requests................: 0.00%  0 out of 215017
    ttfb...........................: avg=6.1ms  min=289.61µs med=4.99ms max=83.6ms   p(90)=11.53ms p(95)=14.62ms

    HTTP
    http_req_duration..............: avg=6.36ms min=316.36µs med=5.17ms max=138.64ms p(90)=12ms    p(95)=15.23ms
      { expected_response:true }...: avg=6.36ms min=316.36µs med=5.17ms max=138.64ms p(90)=12ms    p(95)=15.23ms
    http_req_failed................: 0.00%  0 out of 215017
    http_reqs......................: 215017 7166.90602/s

    EXECUTION
    iteration_duration.............: avg=6.93ms min=399.69µs med=5.61ms max=148.69ms p(90)=12.99ms p(95)=16.51ms
    iterations.....................: 215017 7166.90602/s
    vus............................: 50     min=50          max=50
    vus_max........................: 50     min=50          max=50

    NETWORK
    data_received..................: 297 MB 9.9 MB/s
    data_sent......................: 38 MB  1.3 MB/s




running (30.0s), 00/50 VUs, 215017 complete and 0 interrupted iterations
show ✓ [ 100% ] 50 VUs  30s
