
         /\      Grafana   /‾‾/  
    /\  /  \     |\  __   /  /   
   /  \/    \    | |/ /  /   ‾‾\ 
  /          \   |   (  |  (‾)  |
 / __________ \  |_|\_\  \_____/ 


     execution: local
        script: k6/bench.js
        output: -

     scenarios: (100.00%) 1 scenario, 50 max VUs, 40s max duration (incl. graceful stop):
              * list: 50 looping VUs for 30s (exec: list, gracefulStop: 10s)


running (01.0s), 50/50 VUs, 909 complete and 0 interrupted iterations
list   [   3% ] 50 VUs  01.0s/30s

running (02.0s), 50/50 VUs, 1875 complete and 0 interrupted iterations
list   [   7% ] 50 VUs  02.0s/30s

running (03.0s), 50/50 VUs, 2974 complete and 0 interrupted iterations
list   [  10% ] 50 VUs  03.0s/30s

running (04.0s), 50/50 VUs, 3822 complete and 0 interrupted iterations
list   [  13% ] 50 VUs  04.0s/30s

running (05.0s), 50/50 VUs, 4661 complete and 0 interrupted iterations
list   [  17% ] 50 VUs  05.0s/30s

running (06.0s), 50/50 VUs, 5510 complete and 0 interrupted iterations
list   [  20% ] 50 VUs  06.0s/30s

running (07.0s), 50/50 VUs, 6427 complete and 0 interrupted iterations
list   [  23% ] 50 VUs  07.0s/30s

running (08.0s), 50/50 VUs, 7323 complete and 0 interrupted iterations
list   [  27% ] 50 VUs  08.0s/30s

running (09.0s), 50/50 VUs, 8310 complete and 0 interrupted iterations
list   [  30% ] 50 VUs  09.0s/30s

running (10.0s), 50/50 VUs, 9322 complete and 0 interrupted iterations
list   [  33% ] 50 VUs  10.0s/30s

running (11.0s), 50/50 VUs, 10287 complete and 0 interrupted iterations
list   [  37% ] 50 VUs  11.0s/30s

running (12.0s), 50/50 VUs, 11445 complete and 0 interrupted iterations
list   [  40% ] 50 VUs  12.0s/30s

running (13.0s), 50/50 VUs, 12516 complete and 0 interrupted iterations
list   [  43% ] 50 VUs  13.0s/30s

running (14.0s), 50/50 VUs, 13591 complete and 0 interrupted iterations
list   [  47% ] 50 VUs  14.0s/30s

running (15.0s), 50/50 VUs, 14612 complete and 0 interrupted iterations
list   [  50% ] 50 VUs  15.0s/30s

running (16.0s), 50/50 VUs, 15608 complete and 0 interrupted iterations
list   [  53% ] 50 VUs  16.0s/30s

running (17.0s), 50/50 VUs, 16604 complete and 0 interrupted iterations
list   [  57% ] 50 VUs  17.0s/30s

running (18.0s), 50/50 VUs, 17594 complete and 0 interrupted iterations
list   [  60% ] 50 VUs  18.0s/30s

running (19.0s), 50/50 VUs, 18645 complete and 0 interrupted iterations
list   [  63% ] 50 VUs  19.0s/30s

running (20.0s), 50/50 VUs, 19702 complete and 0 interrupted iterations
list   [  67% ] 50 VUs  20.0s/30s

running (21.0s), 50/50 VUs, 20729 complete and 0 interrupted iterations
list   [  70% ] 50 VUs  21.0s/30s

running (22.0s), 50/50 VUs, 21744 complete and 0 interrupted iterations
list   [  73% ] 50 VUs  22.0s/30s

running (23.0s), 50/50 VUs, 22871 complete and 0 interrupted iterations
list   [  77% ] 50 VUs  23.0s/30s

running (24.0s), 50/50 VUs, 24029 complete and 0 interrupted iterations
list   [  80% ] 50 VUs  24.0s/30s

running (25.0s), 50/50 VUs, 25034 complete and 0 interrupted iterations
list   [  83% ] 50 VUs  25.0s/30s

running (26.0s), 50/50 VUs, 26094 complete and 0 interrupted iterations
list   [  87% ] 50 VUs  26.0s/30s

running (27.0s), 50/50 VUs, 27216 complete and 0 interrupted iterations
list   [  90% ] 50 VUs  27.0s/30s

running (28.0s), 50/50 VUs, 28253 complete and 0 interrupted iterations
list   [  93% ] 50 VUs  28.0s/30s

running (29.0s), 50/50 VUs, 29314 complete and 0 interrupted iterations
list   [  97% ] 50 VUs  29.0s/30s

running (30.0s), 50/50 VUs, 30381 complete and 0 interrupted iterations
list   [ 100% ] 50 VUs  30.0s/30s


  █ THRESHOLDS 

    failed_requests
    ✓ 'rate<0.01' rate=0.00%


  █ TOTAL RESULTS 

    checks_total.......: 60878   2027.122668/s
    checks_succeeded...: 100.00% 60878 out of 60878
    checks_failed......: 0.00%   0 out of 60878

    ✓ status ok
    ✓ has data

    CUSTOM
    failed_requests................: 0.00%  0 out of 30439
    ttfb...........................: avg=47.98ms min=5.79ms med=41.38ms max=350.84ms p(90)=87.45ms p(95)=104.48ms

    HTTP
    http_req_duration..............: avg=48.79ms min=5.94ms med=42.17ms max=350.94ms p(90)=88.53ms p(95)=105.91ms
      { expected_response:true }...: avg=48.79ms min=5.94ms med=42.17ms max=350.94ms p(90)=88.53ms p(95)=105.91ms
    http_req_failed................: 0.00%  0 out of 30439
    http_reqs......................: 30439  1013.561334/s

    EXECUTION
    iteration_duration.............: avg=49.26ms min=6.1ms  med=42.64ms max=351.26ms p(90)=89.11ms p(95)=106.44ms
    iterations.....................: 30439  1013.561334/s
    vus............................: 50     min=50         max=50
    vus_max........................: 50     min=50         max=50

    NETWORK
    data_received..................: 217 MB 7.2 MB/s
    data_sent......................: 4.8 MB 161 kB/s




running (30.0s), 00/50 VUs, 30439 complete and 0 interrupted iterations
list ✓ [ 100% ] 50 VUs  30s
