
         /\      Grafana   /‾‾/  
    /\  /  \     |\  __   /  /   
   /  \/    \    | |/ /  /   ‾‾\ 
  /          \   |   (  |  (‾)  |
 / __________ \  |_|\_\  \_____/ 


     execution: local
        script: k6/bench.js
        output: -

     scenarios: (100.00%) 1 scenario, 50 max VUs, 40s max duration (incl. graceful stop):
              * list: 50 looping VUs for 30s (exec: list, gracefulStop: 10s)


running (01.0s), 50/50 VUs, 157 complete and 0 interrupted iterations
list   [   3% ] 50 VUs  01.0s/30s

running (02.0s), 50/50 VUs, 334 complete and 0 interrupted iterations
list   [   7% ] 50 VUs  02.0s/30s

running (03.0s), 50/50 VUs, 486 complete and 0 interrupted iterations
list   [  10% ] 50 VUs  03.0s/30s

running (04.0s), 50/50 VUs, 637 complete and 0 interrupted iterations
list   [  13% ] 50 VUs  04.0s/30s

running (05.0s), 50/50 VUs, 783 complete and 0 interrupted iterations
list   [  17% ] 50 VUs  05.0s/30s

running (06.0s), 50/50 VUs, 949 complete and 0 interrupted iterations
list   [  20% ] 50 VUs  06.0s/30s

running (07.0s), 50/50 VUs, 1131 complete and 0 interrupted iterations
list   [  23% ] 50 VUs  07.0s/30s

running (08.0s), 50/50 VUs, 1303 complete and 0 interrupted iterations
list   [  27% ] 50 VUs  08.0s/30s

running (09.0s), 50/50 VUs, 1440 complete and 0 interrupted iterations
list   [  30% ] 50 VUs  09.0s/30s

running (10.0s), 50/50 VUs, 1613 complete and 0 interrupted iterations
list   [  33% ] 50 VUs  10.0s/30s

running (11.0s), 50/50 VUs, 1777 complete and 0 interrupted iterations
list   [  37% ] 50 VUs  11.0s/30s

running (12.0s), 50/50 VUs, 1951 complete and 0 interrupted iterations
list   [  40% ] 50 VUs  12.0s/30s

running (13.0s), 50/50 VUs, 2106 complete and 0 interrupted iterations
list   [  43% ] 50 VUs  13.0s/30s

running (14.0s), 50/50 VUs, 2228 complete and 0 interrupted iterations
list   [  47% ] 50 VUs  14.0s/30s

running (15.0s), 50/50 VUs, 2331 complete and 0 interrupted iterations
list   [  50% ] 50 VUs  15.0s/30s

running (16.0s), 50/50 VUs, 2480 complete and 0 interrupted iterations
list   [  53% ] 50 VUs  16.0s/30s

running (17.0s), 50/50 VUs, 2654 complete and 0 interrupted iterations
list   [  57% ] 50 VUs  17.0s/30s

running (18.0s), 50/50 VUs, 2834 complete and 0 interrupted iterations
list   [  60% ] 50 VUs  18.0s/30s

running (19.0s), 50/50 VUs, 3012 complete and 0 interrupted iterations
list   [  63% ] 50 VUs  19.0s/30s

running (20.0s), 50/50 VUs, 3187 complete and 0 interrupted iterations
list   [  67% ] 50 VUs  20.0s/30s

running (21.0s), 50/50 VUs, 3364 complete and 0 interrupted iterations
list   [  70% ] 50 VUs  21.0s/30s

running (22.0s), 50/50 VUs, 3550 complete and 0 interrupted iterations
list   [  73% ] 50 VUs  22.0s/30s

running (23.0s), 50/50 VUs, 3731 complete and 0 interrupted iterations
list   [  77% ] 50 VUs  23.0s/30s

running (24.0s), 50/50 VUs, 3892 complete and 0 interrupted iterations
list   [  80% ] 50 VUs  24.0s/30s

running (25.0s), 50/50 VUs, 4055 complete and 0 interrupted iterations
list   [  83% ] 50 VUs  25.0s/30s

running (26.0s), 50/50 VUs, 4242 complete and 0 interrupted iterations
list   [  87% ] 50 VUs  26.0s/30s

running (27.0s), 50/50 VUs, 4424 complete and 0 interrupted iterations
list   [  90% ] 50 VUs  27.0s/30s

running (28.0s), 50/50 VUs, 4598 complete and 0 interrupted iterations
list   [  93% ] 50 VUs  28.0s/30s

running (29.0s), 50/50 VUs, 4781 complete and 0 interrupted iterations
list   [  97% ] 50 VUs  29.0s/30s

running (30.0s), 50/50 VUs, 4966 complete and 0 interrupted iterations
list   [ 100% ] 50 VUs  30.0s/30s

running (31.0s), 32/50 VUs, 4984 complete and 0 interrupted iterations
list ↓ [ 100% ] 50 VUs  30s

running (32.0s), 32/50 VUs, 4984 complete and 0 interrupted iterations
list ↓ [ 100% ] 50 VUs  30s

running (33.0s), 32/50 VUs, 4984 complete and 0 interrupted iterations
list ↓ [ 100% ] 50 VUs  30s

running (34.0s), 32/50 VUs, 4984 complete and 0 interrupted iterations
list ↓ [ 100% ] 50 VUs  30s

running (35.0s), 32/50 VUs, 4984 complete and 0 interrupted iterations
list ↓ [ 100% ] 50 VUs  30s

running (36.0s), 32/50 VUs, 4984 complete and 0 interrupted iterations
list ↓ [ 100% ] 50 VUs  30s

running (37.0s), 32/50 VUs, 4984 complete and 0 interrupted iterations
list ↓ [ 100% ] 50 VUs  30s

running (38.0s), 32/50 VUs, 4984 complete and 0 interrupted iterations
list ↓ [ 100% ] 50 VUs  30s

running (39.0s), 32/50 VUs, 4984 complete and 0 interrupted iterations
list ↓ [ 100% ] 50 VUs  30s

running (40.0s), 32/50 VUs, 4984 complete and 0 interrupted iterations
list ↓ [ 100% ] 50 VUs  30s


  █ THRESHOLDS 

    failed_requests
    ✓ 'rate<0.01' rate=0.00%


  █ TOTAL RESULTS 

    checks_total.......: 9968    249.263568/s
    checks_succeeded...: 100.00% 9968 out of 9968
    checks_failed......: 0.00%   0 out of 9968

    ✓ status ok
    ✓ has data

    CUSTOM
    failed_requests................: 0.00%  0 out of 4984
    ttfb...........................: avg=107.02ms min=16.94ms med=99.26ms  max=583.43ms p(90)=177.31ms p(95)=195.93ms

    HTTP
    http_req_duration..............: avg=107.85ms min=17.46ms med=99.65ms  max=583.65ms p(90)=178.25ms p(95)=197.48ms
      { expected_response:true }...: avg=107.85ms min=17.46ms med=99.65ms  max=583.65ms p(90)=178.25ms p(95)=197.48ms
    http_req_failed................: 0.00%  0 out of 4984
    http_reqs......................: 4984   124.631784/s

    EXECUTION
    iteration_duration.............: avg=108.49ms min=17.71ms med=100.19ms max=594.81ms p(90)=178.72ms p(95)=197.94ms
    iterations.....................: 4984   124.631784/s
    vus............................: 32     min=32        max=50
    vus_max........................: 50     min=50        max=50

    NETWORK
    data_received..................: 31 MB  784 kB/s
    data_sent......................: 812 kB 20 kB/s




running (40.0s), 00/50 VUs, 4984 complete and 32 interrupted iterations
list ✓ [ 100% ] 50 VUs  30s
