
         /\      Grafana   /‾‾/  
    /\  /  \     |\  __   /  /   
   /  \/    \    | |/ /  /   ‾‾\ 
  /          \   |   (  |  (‾)  |
 / __________ \  |_|\_\  \_____/ 


     execution: local
        script: k6/bench.js
        output: -

     scenarios: (100.00%) 1 scenario, 50 max VUs, 40s max duration (incl. graceful stop):
              * mixed: 50 looping VUs for 30s (exec: mixed, gracefulStop: 10s)


running (01.0s), 50/50 VUs, 299 complete and 0 interrupted iterations
mixed   [   3% ] 50 VUs  01.0s/30s

running (02.0s), 50/50 VUs, 540 complete and 0 interrupted iterations
mixed   [   7% ] 50 VUs  02.0s/30s

running (03.0s), 50/50 VUs, 807 complete and 0 interrupted iterations
mixed   [  10% ] 50 VUs  03.0s/30s

running (04.0s), 50/50 VUs, 1072 complete and 0 interrupted iterations
mixed   [  13% ] 50 VUs  04.0s/30s

running (05.0s), 50/50 VUs, 1322 complete and 0 interrupted iterations
mixed   [  17% ] 50 VUs  05.0s/30s

running (06.0s), 50/50 VUs, 1591 complete and 0 interrupted iterations
mixed   [  20% ] 50 VUs  06.0s/30s

running (07.0s), 50/50 VUs, 1886 complete and 0 interrupted iterations
mixed   [  23% ] 50 VUs  07.0s/30s

running (08.0s), 50/50 VUs, 2167 complete and 0 interrupted iterations
mixed   [  27% ] 50 VUs  08.0s/30s

running (09.0s), 50/50 VUs, 2466 complete and 0 interrupted iterations
mixed   [  30% ] 50 VUs  09.0s/30s

running (10.0s), 50/50 VUs, 2744 complete and 0 interrupted iterations
mixed   [  33% ] 50 VUs  10.0s/30s

running (11.0s), 50/50 VUs, 3050 complete and 0 interrupted iterations
mixed   [  37% ] 50 VUs  11.0s/30s

running (12.0s), 50/50 VUs, 3331 complete and 0 interrupted iterations
mixed   [  40% ] 50 VUs  12.0s/30s

running (13.0s), 50/50 VUs, 3617 complete and 0 interrupted iterations
mixed   [  43% ] 50 VUs  13.0s/30s

running (14.0s), 50/50 VUs, 3882 complete and 0 interrupted iterations
mixed   [  47% ] 50 VUs  14.0s/30s

running (15.0s), 50/50 VUs, 4110 complete and 0 interrupted iterations
mixed   [  50% ] 50 VUs  15.0s/30s

running (16.0s), 50/50 VUs, 4344 complete and 0 interrupted iterations
mixed   [  53% ] 50 VUs  16.0s/30s

running (17.0s), 50/50 VUs, 4603 complete and 0 interrupted iterations
mixed   [  57% ] 50 VUs  17.0s/30s

running (18.0s), 50/50 VUs, 4900 complete and 0 interrupted iterations
mixed   [  60% ] 50 VUs  18.0s/30s

running (19.0s), 50/50 VUs, 5175 complete and 0 interrupted iterations
mixed   [  63% ] 50 VUs  19.0s/30s

running (20.0s), 50/50 VUs, 5491 complete and 0 interrupted iterations
mixed   [  67% ] 50 VUs  20.0s/30s

running (21.0s), 50/50 VUs, 5812 complete and 0 interrupted iterations
mixed   [  70% ] 50 VUs  21.0s/30s

running (22.0s), 50/50 VUs, 6074 complete and 0 interrupted iterations
mixed   [  73% ] 50 VUs  22.0s/30s

running (23.0s), 50/50 VUs, 6328 complete and 0 interrupted iterations
mixed   [  77% ] 50 VUs  23.0s/30s

running (24.0s), 50/50 VUs, 6640 complete and 0 interrupted iterations
mixed   [  80% ] 50 VUs  24.0s/30s

running (25.0s), 50/50 VUs, 6959 complete and 0 interrupted iterations
mixed   [  83% ] 50 VUs  25.0s/30s

running (26.0s), 50/50 VUs, 7259 complete and 0 interrupted iterations
mixed   [  87% ] 50 VUs  26.0s/30s

running (27.0s), 50/50 VUs, 7540 complete and 0 interrupted iterations
mixed   [  90% ] 50 VUs  27.0s/30s

running (28.0s), 50/50 VUs, 7836 complete and 0 interrupted iterations
mixed   [  93% ] 50 VUs  28.0s/30s

running (29.0s), 50/50 VUs, 8162 complete and 0 interrupted iterations
mixed   [  97% ] 50 VUs  29.0s/30s

running (30.0s), 50/50 VUs, 8490 complete and 0 interrupted iterations
mixed   [ 100% ] 50 VUs  30.0s/30s

running (31.0s), 31/50 VUs, 8509 complete and 0 interrupted iterations
mixed ↓ [ 100% ] 50 VUs  30s

running (32.0s), 31/50 VUs, 8509 complete and 0 interrupted iterations
mixed ↓ [ 100% ] 50 VUs  30s

running (33.0s), 31/50 VUs, 8509 complete and 0 interrupted iterations
mixed ↓ [ 100% ] 50 VUs  30s

running (34.0s), 31/50 VUs, 8509 complete and 0 interrupted iterations
mixed ↓ [ 100% ] 50 VUs  30s

running (35.0s), 31/50 VUs, 8509 complete and 0 interrupted iterations
mixed ↓ [ 100% ] 50 VUs  30s

running (36.0s), 31/50 VUs, 8509 complete and 0 interrupted iterations
mixed ↓ [ 100% ] 50 VUs  30s

running (37.0s), 31/50 VUs, 8509 complete and 0 interrupted iterations
mixed ↓ [ 100% ] 50 VUs  30s

running (38.0s), 31/50 VUs, 8509 complete and 0 interrupted iterations
mixed ↓ [ 100% ] 50 VUs  30s

running (39.0s), 31/50 VUs, 8509 complete and 0 interrupted iterations
mixed ↓ [ 100% ] 50 VUs  30s

running (40.0s), 31/50 VUs, 8509 complete and 0 interrupted iterations
mixed ↓ [ 100% ] 50 VUs  30s


  █ THRESHOLDS 

    failed_requests
    ✓ 'rate<0.01' rate=0.00%


  █ TOTAL RESULTS 

    checks_total.......: 17018   425.470546/s
    checks_succeeded...: 100.00% 17018 out of 17018
    checks_failed......: 0.00%   0 out of 17018

    ✓ status ok
    ✓ has data

    CUSTOM
    failed_requests................: 0.00%  0 out of 8509
    ttfb...........................: avg=66.16ms min=5.76ms med=75.12ms max=286.41ms p(90)=101.95ms p(95)=112.83ms

    HTTP
    http_req_duration..............: avg=66.64ms min=5.88ms med=75.63ms max=286.62ms p(90)=102.4ms  p(95)=113.45ms
      { expected_response:true }...: avg=66.64ms min=5.88ms med=75.63ms max=286.62ms p(90)=102.4ms  p(95)=113.45ms
    http_req_failed................: 0.00%  0 out of 8509
    http_reqs......................: 8509   212.735273/s

    EXECUTION
    iteration_duration.............: avg=67.07ms min=6.31ms med=76.04ms max=287.31ms p(90)=102.91ms p(95)=113.85ms
    iterations.....................: 8509   212.735273/s
    vus............................: 31     min=31        max=50
    vus_max........................: 50     min=50        max=50

    NETWORK
    data_received..................: 46 MB  1.1 MB/s
    data_sent......................: 1.5 MB 36 kB/s




running (40.0s), 00/50 VUs, 8509 complete and 31 interrupted iterations
mixed ✓ [ 100% ] 50 VUs  30s
