
         /\      Grafana   /‾‾/  
    /\  /  \     |\  __   /  /   
   /  \/    \    | |/ /  /   ‾‾\ 
  /          \   |   (  |  (‾)  |
 / __________ \  |_|\_\  \_____/ 


     execution: local
        script: k6/bench.js
        output: -

     scenarios: (100.00%) 1 scenario, 50 max VUs, 40s max duration (incl. graceful stop):
              * mixed: 50 looping VUs for 30s (exec: mixed, gracefulStop: 10s)


running (01.0s), 50/50 VUs, 216 complete and 0 interrupted iterations
mixed   [   3% ] 50 VUs  01.0s/30s

running (02.0s), 50/50 VUs, 457 complete and 0 interrupted iterations
mixed   [   7% ] 50 VUs  02.0s/30s

running (03.0s), 50/50 VUs, 686 complete and 0 interrupted iterations
mixed   [  10% ] 50 VUs  03.0s/30s

running (04.0s), 50/50 VUs, 915 complete and 0 interrupted iterations
mixed   [  13% ] 50 VUs  04.0s/30s

running (05.0s), 50/50 VUs, 1150 complete and 0 interrupted iterations
mixed   [  17% ] 50 VUs  05.0s/30s

running (06.0s), 50/50 VUs, 1349 complete and 0 interrupted iterations
mixed   [  20% ] 50 VUs  06.0s/30s

running (07.0s), 50/50 VUs, 1555 complete and 0 interrupted iterations
mixed   [  23% ] 50 VUs  07.0s/30s

running (08.0s), 50/50 VUs, 1776 complete and 0 interrupted iterations
mixed   [  27% ] 50 VUs  08.0s/30s

running (09.0s), 50/50 VUs, 2041 complete and 0 interrupted iterations
mixed   [  30% ] 50 VUs  09.0s/30s

running (10.0s), 50/50 VUs, 2301 complete and 0 interrupted iterations
mixed   [  33% ] 50 VUs  10.0s/30s

running (11.0s), 50/50 VUs, 2517 complete and 0 interrupted iterations
mixed   [  37% ] 50 VUs  11.0s/30s

running (12.0s), 50/50 VUs, 2667 complete and 0 interrupted iterations
mixed   [  40% ] 50 VUs  12.0s/30s

running (13.0s), 50/50 VUs, 2819 complete and 0 interrupted iterations
mixed   [  43% ] 50 VUs  13.0s/30s

running (14.0s), 50/50 VUs, 2973 complete and 0 interrupted iterations
mixed   [  47% ] 50 VUs  14.0s/30s

running (15.0s), 50/50 VUs, 3128 complete and 0 interrupted iterations
mixed   [  50% ] 50 VUs  15.0s/30s

running (16.0s), 50/50 VUs, 3298 complete and 0 interrupted iterations
mixed   [  53% ] 50 VUs  16.0s/30s

running (17.0s), 50/50 VUs, 3478 complete and 0 interrupted iterations
mixed   [  57% ] 50 VUs  17.0s/30s

running (18.0s), 50/50 VUs, 3642 complete and 0 interrupted iterations
mixed   [  60% ] 50 VUs  18.0s/30s

running (19.0s), 50/50 VUs, 3833 complete and 0 interrupted iterations
mixed   [  63% ] 50 VUs  19.0s/30s

running (20.0s), 50/50 VUs, 4023 complete and 0 interrupted iterations
mixed   [  67% ] 50 VUs  20.0s/30s

running (21.0s), 50/50 VUs, 4222 complete and 0 interrupted iterations
mixed   [  70% ] 50 VUs  21.0s/30s

running (22.0s), 50/50 VUs, 4472 complete and 0 interrupted iterations
mixed   [  73% ] 50 VUs  22.0s/30s

running (23.0s), 50/50 VUs, 4722 complete and 0 interrupted iterations
mixed   [  77% ] 50 VUs  23.0s/30s

running (24.0s), 50/50 VUs, 4970 complete and 0 interrupted iterations
mixed   [  80% ] 50 VUs  24.0s/30s

running (25.0s), 50/50 VUs, 5234 complete and 0 interrupted iterations
mixed   [  83% ] 50 VUs  25.0s/30s

running (26.0s), 50/50 VUs, 5488 complete and 0 interrupted iterations
mixed   [  87% ] 50 VUs  26.0s/30s

running (27.0s), 50/50 VUs, 5773 complete and 0 interrupted iterations
mixed   [  90% ] 50 VUs  27.0s/30s

running (28.0s), 50/50 VUs, 6054 complete and 0 interrupted iterations
mixed   [  93% ] 50 VUs  28.0s/30s

running (29.0s), 50/50 VUs, 6324 complete and 0 interrupted iterations
mixed   [  97% ] 50 VUs  29.0s/30s

running (30.0s), 50/50 VUs, 6625 complete and 0 interrupted iterations
mixed   [ 100% ] 50 VUs  30.0s/30s

running (31.0s), 31/50 VUs, 6650 complete and 0 interrupted iterations
mixed ↓ [ 100% ] 50 VUs  30s

running (32.0s), 31/50 VUs, 6650 complete and 0 interrupted iterations
mixed ↓ [ 100% ] 50 VUs  30s

running (33.0s), 31/50 VUs, 6650 complete and 0 interrupted iterations
mixed ↓ [ 100% ] 50 VUs  30s

running (34.0s), 31/50 VUs, 6650 complete and 0 interrupted iterations
mixed ↓ [ 100% ] 50 VUs  30s

running (35.0s), 31/50 VUs, 6650 complete and 0 interrupted iterations
mixed ↓ [ 100% ] 50 VUs  30s

running (36.0s), 31/50 VUs, 6650 complete and 0 interrupted iterations
mixed ↓ [ 100% ] 50 VUs  30s

running (37.0s), 31/50 VUs, 6650 complete and 0 interrupted iterations
mixed ↓ [ 100% ] 50 VUs  30s

running (38.0s), 31/50 VUs, 6650 complete and 0 interrupted iterations
mixed ↓ [ 100% ] 50 VUs  30s

running (39.0s), 31/50 VUs, 6650 complete and 0 interrupted iterations
mixed ↓ [ 100% ] 50 VUs  30s

running (40.0s), 31/50 VUs, 6650 complete and 0 interrupted iterations
mixed ↓ [ 100% ] 50 VUs  30s


  █ THRESHOLDS 

    failed_requests
    ✓ 'rate<0.01' rate=0.00%


  █ TOTAL RESULTS 

    checks_total.......: 13300   332.514698/s
    checks_succeeded...: 100.00% 13300 out of 13300
    checks_failed......: 0.00%   0 out of 13300

    ✓ status ok
    ✓ has data

    CUSTOM
    failed_requests................: 0.00%  0 out of 6650
    ttfb...........................: avg=84.69ms min=6.03ms med=85.06ms max=399.75ms p(90)=147.87ms p(95)=176.4ms 

    HTTP
    http_req_duration..............: avg=85.26ms min=6.15ms med=85.39ms max=399.84ms p(90)=150.78ms p(95)=176.85ms
      { expected_response:true }...: avg=85.26ms min=6.15ms med=85.39ms max=399.84ms p(90)=150.78ms p(95)=176.85ms
    http_req_failed................: 0.00%  0 out of 6650
    http_reqs......................: 6650   166.257349/s

    EXECUTION
    iteration_duration.............: avg=85.77ms min=6.41ms med=85.93ms max=400.01ms p(90)=151.2ms  p(95)=177.54ms
    iterations.....................: 6650   166.257349/s
    vus............................: 31     min=31        max=50
    vus_max........................: 50     min=50        max=50

    NETWORK
    data_received..................: 36 MB  896 kB/s
    data_sent......................: 1.1 MB 28 kB/s




running (40.0s), 00/50 VUs, 6650 complete and 31 interrupted iterations
mixed ✓ [ 100% ] 50 VUs  30s
