
         /\      Grafana   /‾‾/  
    /\  /  \     |\  __   /  /   
   /  \/    \    | |/ /  /   ‾‾\ 
  /          \   |   (  |  (‾)  |
 / __________ \  |_|\_\  \_____/ 


     execution: local
        script: k6/bench.js
        output: -

     scenarios: (100.00%) 1 scenario, 50 max VUs, 40s max duration (incl. graceful stop):
              * list: 50 looping VUs for 30s (exec: list, gracefulStop: 10s)


running (01.0s), 50/50 VUs, 332 complete and 0 interrupted iterations
list   [   3% ] 50 VUs  01.0s/30s

running (02.0s), 50/50 VUs, 642 complete and 0 interrupted iterations
list   [   7% ] 50 VUs  02.0s/30s

running (03.0s), 50/50 VUs, 950 complete and 0 interrupted iterations
list   [  10% ] 50 VUs  03.0s/30s

running (04.0s), 50/50 VUs, 1256 complete and 0 interrupted iterations
list   [  13% ] 50 VUs  04.0s/30s

running (05.0s), 50/50 VUs, 1594 complete and 0 interrupted iterations
list   [  17% ] 50 VUs  05.0s/30s

running (06.0s), 50/50 VUs, 1941 complete and 0 interrupted iterations
list   [  20% ] 50 VUs  06.0s/30s

running (07.0s), 50/50 VUs, 2269 complete and 0 interrupted iterations
list   [  23% ] 50 VUs  07.0s/30s

running (08.0s), 50/50 VUs, 2574 complete and 0 interrupted iterations
list   [  27% ] 50 VUs  08.0s/30s

running (09.0s), 50/50 VUs, 2868 complete and 0 interrupted iterations
list   [  30% ] 50 VUs  09.0s/30s

running (10.0s), 50/50 VUs, 3139 complete and 0 interrupted iterations
list   [  33% ] 50 VUs  10.0s/30s

running (11.0s), 50/50 VUs, 3449 complete and 0 interrupted iterations
list   [  37% ] 50 VUs  11.0s/30s

running (12.0s), 50/50 VUs, 3766 complete and 0 interrupted iterations
list   [  40% ] 50 VUs  12.0s/30s

running (13.0s), 50/50 VUs, 4077 complete and 0 interrupted iterations
list   [  43% ] 50 VUs  13.0s/30s

running (14.0s), 50/50 VUs, 4367 complete and 0 interrupted iterations
list   [  47% ] 50 VUs  14.0s/30s

running (15.0s), 50/50 VUs, 4662 complete and 0 interrupted iterations
list   [  50% ] 50 VUs  15.0s/30s

running (16.0s), 50/50 VUs, 4994 complete and 0 interrupted iterations
list   [  53% ] 50 VUs  16.0s/30s

running (17.0s), 50/50 VUs, 5313 complete and 0 interrupted iterations
list   [  57% ] 50 VUs  17.0s/30s

running (18.0s), 50/50 VUs, 5624 complete and 0 interrupted iterations
list   [  60% ] 50 VUs  18.0s/30s

running (19.0s), 50/50 VUs, 5922 complete and 0 interrupted iterations
list   [  63% ] 50 VUs  19.0s/30s

running (20.0s), 50/50 VUs, 6202 complete and 0 interrupted iterations
list   [  67% ] 50 VUs  20.0s/30s

running (21.0s), 50/50 VUs, 6442 complete and 0 interrupted iterations
list   [  70% ] 50 VUs  21.0s/30s

running (22.0s), 50/50 VUs, 6688 complete and 0 interrupted iterations
list   [  73% ] 50 VUs  22.0s/30s

running (23.0s), 50/50 VUs, 6943 complete and 0 interrupted iterations
list   [  77% ] 50 VUs  23.0s/30s

running (24.0s), 50/50 VUs, 7211 complete and 0 interrupted iterations
list   [  80% ] 50 VUs  24.0s/30s

running (25.0s), 50/50 VUs, 7461 complete and 0 interrupted iterations
list   [  83% ] 50 VUs  25.0s/30s

running (26.0s), 50/50 VUs, 7728 complete and 0 interrupted iterations
list   [  87% ] 50 VUs  26.0s/30s

running (27.0s), 50/50 VUs, 7993 complete and 0 interrupted iterations
list   [  90% ] 50 VUs  27.0s/30s

running (28.0s), 50/50 VUs, 8245 complete and 0 interrupted iterations
list   [  93% ] 50 VUs  28.0s/30s

running (29.0s), 50/50 VUs, 8498 complete and 0 interrupted iterations
list   [  97% ] 50 VUs  29.0s/30s

running (30.0s), 50/50 VUs, 8753 complete and 0 interrupted iterations
list   [ 100% ] 50 VUs  30.0s/30s

running (31.0s), 26/50 VUs, 8781 complete and 0 interrupted iterations
list ↓ [ 100% ] 50 VUs  30s

running (32.0s), 26/50 VUs, 8781 complete and 0 interrupted iterations
list ↓ [ 100% ] 50 VUs  30s

running (33.0s), 26/50 VUs, 8781 complete and 0 interrupted iterations
list ↓ [ 100% ] 50 VUs  30s

running (34.0s), 26/50 VUs, 8781 complete and 0 interrupted iterations
list ↓ [ 100% ] 50 VUs  30s

running (35.0s), 26/50 VUs, 8781 complete and 0 interrupted iterations
list ↓ [ 100% ] 50 VUs  30s

running (36.0s), 26/50 VUs, 8781 complete and 0 interrupted iterations
list ↓ [ 100% ] 50 VUs  30s

running (37.0s), 26/50 VUs, 8781 complete and 0 interrupted iterations
list ↓ [ 100% ] 50 VUs  30s

running (38.0s), 26/50 VUs, 8781 complete and 0 interrupted iterations
list ↓ [ 100% ] 50 VUs  30s

running (39.0s), 26/50 VUs, 8781 complete and 0 interrupted iterations
list ↓ [ 100% ] 50 VUs  30s

running (40.0s), 26/50 VUs, 8781 complete and 0 interrupted iterations
list ↓ [ 100% ] 50 VUs  30s


  █ THRESHOLDS 

    failed_requests
    ✓ 'rate<0.01' rate=0.00%


  █ TOTAL RESULTS 

    checks_total.......: 17562   439.057884/s
    checks_succeeded...: 100.00% 17562 out of 17562
    checks_failed......: 0.00%   0 out of 17562

    ✓ status ok
    ✓ has data

    CUSTOM
    failed_requests................: 0.00%  0 out of 8781
    ttfb...........................: avg=81.16ms min=9.06ms med=85.36ms max=290.93ms p(90)=120.57ms p(95)=168.93ms

    HTTP
    http_req_duration..............: avg=81.63ms min=9.25ms med=85.75ms max=290.99ms p(90)=120.93ms p(95)=169.93ms
      { expected_response:true }...: avg=81.63ms min=9.25ms med=85.75ms max=290.99ms p(90)=120.93ms p(95)=169.93ms
    http_req_failed................: 0.00%  0 out of 8781
    http_reqs......................: 8781   219.528942/s

    EXECUTION
    iteration_duration.............: avg=82ms    min=9.43ms med=86.12ms max=293.95ms p(90)=121.2ms  p(95)=170.43ms
    iterations.....................: 8781   219.528942/s
    vus............................: 26     min=26        max=50
    vus_max........................: 50     min=50        max=50

    NETWORK
    data_received..................: 55 MB  1.4 MB/s
    data_sent......................: 1.4 MB 36 kB/s




running (40.0s), 00/50 VUs, 8781 complete and 26 interrupted iterations
list ✓ [ 100% ] 50 VUs  30s
