
         /\      Grafana   /‾‾/  
    /\  /  \     |\  __   /  /   
   /  \/    \    | |/ /  /   ‾‾\ 
  /          \   |   (  |  (‾)  |
 / __________ \  |_|\_\  \_____/ 


     execution: local
        script: k6/bench.js
        output: -

     scenarios: (100.00%) 1 scenario, 50 max VUs, 40s max duration (incl. graceful stop):
              * list: 50 looping VUs for 30s (exec: list, gracefulStop: 10s)


running (01.0s), 50/50 VUs, 303 complete and 0 interrupted iterations
list   [   3% ] 50 VUs  01.0s/30s

running (02.0s), 50/50 VUs, 591 complete and 0 interrupted iterations
list   [   7% ] 50 VUs  02.0s/30s

running (03.0s), 50/50 VUs, 866 complete and 0 interrupted iterations
list   [  10% ] 50 VUs  03.0s/30s

running (04.0s), 50/50 VUs, 1145 complete and 0 interrupted iterations
list   [  13% ] 50 VUs  04.0s/30s

running (05.0s), 50/50 VUs, 1444 complete and 0 interrupted iterations
list   [  17% ] 50 VUs  05.0s/30s

running (06.0s), 50/50 VUs, 1708 complete and 0 interrupted iterations
list   [  20% ] 50 VUs  06.0s/30s

running (07.0s), 50/50 VUs, 1996 complete and 0 interrupted iterations
list   [  23% ] 50 VUs  07.0s/30s

running (08.0s), 50/50 VUs, 2286 complete and 0 interrupted iterations
list   [  27% ] 50 VUs  08.0s/30s

running (09.0s), 50/50 VUs, 2576 complete and 0 interrupted iterations
list   [  30% ] 50 VUs  09.0s/30s

running (10.0s), 50/50 VUs, 2855 complete and 0 interrupted iterations
list   [  33% ] 50 VUs  10.0s/30s

running (11.0s), 50/50 VUs, 3140 complete and 0 interrupted iterations
list   [  37% ] 50 VUs  11.0s/30s

running (12.0s), 50/50 VUs, 3395 complete and 0 interrupted iterations
list   [  40% ] 50 VUs  12.0s/30s

running (13.0s), 50/50 VUs, 3656 complete and 0 interrupted iterations
list   [  43% ] 50 VUs  13.0s/30s

running (14.0s), 50/50 VUs, 3933 complete and 0 interrupted iterations
list   [  47% ] 50 VUs  14.0s/30s

running (15.0s), 50/50 VUs, 4204 complete and 0 interrupted iterations
list   [  50% ] 50 VUs  15.0s/30s

running (16.0s), 50/50 VUs, 4505 complete and 0 interrupted iterations
list   [  53% ] 50 VUs  16.0s/30s

running (17.0s), 50/50 VUs, 4772 complete and 0 interrupted iterations
list   [  57% ] 50 VUs  17.0s/30s

running (18.0s), 50/50 VUs, 5051 complete and 0 interrupted iterations
list   [  60% ] 50 VUs  18.0s/30s

running (19.0s), 50/50 VUs, 5343 complete and 0 interrupted iterations
list   [  63% ] 50 VUs  19.0s/30s

running (20.0s), 50/50 VUs, 5625 complete and 0 interrupted iterations
list   [  67% ] 50 VUs  20.0s/30s

running (21.0s), 50/50 VUs, 5945 complete and 0 interrupted iterations
list   [  70% ] 50 VUs  21.0s/30s

running (22.0s), 50/50 VUs, 6232 complete and 0 interrupted iterations
list   [  73% ] 50 VUs  22.0s/30s

running (23.0s), 50/50 VUs, 6483 complete and 0 interrupted iterations
list   [  77% ] 50 VUs  23.0s/30s

running (24.0s), 50/50 VUs, 6756 complete and 0 interrupted iterations
list   [  80% ] 50 VUs  24.0s/30s

running (25.0s), 50/50 VUs, 7034 complete and 0 interrupted iterations
list   [  83% ] 50 VUs  25.0s/30s

running (26.0s), 50/50 VUs, 7311 complete and 0 interrupted iterations
list   [  87% ] 50 VUs  26.0s/30s

running (27.0s), 50/50 VUs, 7579 complete and 0 interrupted iterations
list   [  90% ] 50 VUs  27.0s/30s

running (28.0s), 50/50 VUs, 7771 complete and 0 interrupted iterations
list   [  93% ] 50 VUs  28.0s/30s

running (29.0s), 50/50 VUs, 8000 complete and 0 interrupted iterations
list   [  97% ] 50 VUs  29.0s/30s

running (30.0s), 50/50 VUs, 8264 complete and 0 interrupted iterations
list   [ 100% ] 50 VUs  30.0s/30s

running (31.0s), 33/50 VUs, 8281 complete and 0 interrupted iterations
list ↓ [ 100% ] 50 VUs  30s

running (32.0s), 33/50 VUs, 8281 complete and 0 interrupted iterations
list ↓ [ 100% ] 50 VUs  30s

running (33.0s), 33/50 VUs, 8281 complete and 0 interrupted iterations
list ↓ [ 100% ] 50 VUs  30s

running (34.0s), 33/50 VUs, 8281 complete and 0 interrupted iterations
list ↓ [ 100% ] 50 VUs  30s

running (35.0s), 33/50 VUs, 8281 complete and 0 interrupted iterations
list ↓ [ 100% ] 50 VUs  30s

running (36.0s), 33/50 VUs, 8281 complete and 0 interrupted iterations
list ↓ [ 100% ] 50 VUs  30s

running (37.0s), 33/50 VUs, 8281 complete and 0 interrupted iterations
list ↓ [ 100% ] 50 VUs  30s

running (38.0s), 33/50 VUs, 8281 complete and 0 interrupted iterations
list ↓ [ 100% ] 50 VUs  30s

running (39.0s), 33/50 VUs, 8281 complete and 0 interrupted iterations
list ↓ [ 100% ] 50 VUs  30s

running (40.0s), 33/50 VUs, 8281 complete and 0 interrupted iterations
list ↓ [ 100% ] 50 VUs  30s


  █ THRESHOLDS 

    failed_requests
    ✓ 'rate<0.01' rate=0.00%


  █ TOTAL RESULTS 

    checks_total.......: 16562   414.059678/s
    checks_succeeded...: 100.00% 16562 out of 16562
    checks_failed......: 0.00%   0 out of 16562

    ✓ status ok
    ✓ has data

    CUSTOM
    failed_requests................: 0.00%  0 out of 8281
    ttfb...........................: avg=60.73ms min=11.94ms med=71.37ms max=259.95ms p(90)=95.55ms p(95)=101.91ms

    HTTP
    http_req_duration..............: avg=61.22ms min=12.16ms med=71.71ms max=260.04ms p(90)=95.93ms p(95)=102.35ms
      { expected_response:true }...: avg=61.22ms min=12.16ms med=71.71ms max=260.04ms p(90)=95.93ms p(95)=102.35ms
    http_req_failed................: 0.00%  0 out of 8281
    http_reqs......................: 8281   207.029839/s

    EXECUTION
    iteration_duration.............: avg=61.6ms  min=12.52ms med=72.11ms max=260.26ms p(90)=96.37ms p(95)=102.75ms
    iterations.....................: 8281   207.029839/s
    vus............................: 33     min=33        max=50
    vus_max........................: 50     min=50        max=50

    NETWORK
    data_received..................: 52 MB  1.3 MB/s
    data_sent......................: 1.3 MB 34 kB/s




running (40.0s), 00/50 VUs, 8281 complete and 33 interrupted iterations
list ✓ [ 100% ] 50 VUs  30s
