
         /\      Grafana   /‾‾/  
    /\  /  \     |\  __   /  /   
   /  \/    \    | |/ /  /   ‾‾\ 
  /          \   |   (  |  (‾)  |
 / __________ \  |_|\_\  \_____/ 


     execution: local
        script: k6/bench.js
        output: -

     scenarios: (100.00%) 1 scenario, 50 max VUs, 40s max duration (incl. graceful stop):
              * mixed: 50 looping VUs for 30s (exec: mixed, gracefulStop: 10s)


running (01.0s), 50/50 VUs, 132 complete and 0 interrupted iterations
mixed   [   3% ] 50 VUs  01.0s/30s

running (02.0s), 50/50 VUs, 265 complete and 0 interrupted iterations
mixed   [   7% ] 50 VUs  02.0s/30s

running (03.0s), 50/50 VUs, 398 complete and 0 interrupted iterations
mixed   [  10% ] 50 VUs  03.0s/30s

running (04.0s), 50/50 VUs, 541 complete and 0 interrupted iterations
mixed   [  13% ] 50 VUs  04.0s/30s

running (05.0s), 50/50 VUs, 676 complete and 0 interrupted iterations
mixed   [  17% ] 50 VUs  05.0s/30s

running (06.0s), 50/50 VUs, 803 complete and 0 interrupted iterations
mixed   [  20% ] 50 VUs  06.0s/30s

running (07.0s), 50/50 VUs, 908 complete and 0 interrupted iterations
mixed   [  23% ] 50 VUs  07.0s/30s

running (08.0s), 50/50 VUs, 1009 complete and 0 interrupted iterations
mixed   [  27% ] 50 VUs  08.0s/30s

running (09.0s), 50/50 VUs, 1117 complete and 0 interrupted iterations
mixed   [  30% ] 50 VUs  09.0s/30s

running (10.0s), 50/50 VUs, 1251 complete and 0 interrupted iterations
mixed   [  33% ] 50 VUs  10.0s/30s

running (11.0s), 50/50 VUs, 1380 complete and 0 interrupted iterations
mixed   [  37% ] 50 VUs  11.0s/30s

running (12.0s), 50/50 VUs, 1515 complete and 0 interrupted iterations
mixed   [  40% ] 50 VUs  12.0s/30s

running (13.0s), 50/50 VUs, 1655 complete and 0 interrupted iterations
mixed   [  43% ] 50 VUs  13.0s/30s

running (14.0s), 50/50 VUs, 1781 complete and 0 interrupted iterations
mixed   [  47% ] 50 VUs  14.0s/30s

running (15.0s), 50/50 VUs, 1923 complete and 0 interrupted iterations
mixed   [  50% ] 50 VUs  15.0s/30s

running (16.0s), 50/50 VUs, 2062 complete and 0 interrupted iterations
mixed   [  53% ] 50 VUs  16.0s/30s

running (17.0s), 50/50 VUs, 2163 complete and 0 interrupted iterations
mixed   [  57% ] 50 VUs  17.0s/30s

running (18.0s), 50/50 VUs, 2262 complete and 0 interrupted iterations
mixed   [  60% ] 50 VUs  18.0s/30s

running (19.0s), 50/50 VUs, 2365 complete and 0 interrupted iterations
mixed   [  63% ] 50 VUs  19.0s/30s

running (20.0s), 50/50 VUs, 2499 complete and 0 interrupted iterations
mixed   [  67% ] 50 VUs  20.0s/30s

running (21.0s), 50/50 VUs, 2597 complete and 0 interrupted iterations
mixed   [  70% ] 50 VUs  21.0s/30s

running (22.0s), 50/50 VUs, 2702 complete and 0 interrupted iterations
mixed   [  73% ] 50 VUs  22.0s/30s

running (23.0s), 50/50 VUs, 2802 complete and 0 interrupted iterations
mixed   [  77% ] 50 VUs  23.0s/30s

running (24.0s), 50/50 VUs, 2914 complete and 0 interrupted iterations
mixed   [  80% ] 50 VUs  24.0s/30s

running (25.0s), 50/50 VUs, 3019 complete and 0 interrupted iterations
mixed   [  83% ] 50 VUs  25.0s/30s

running (26.0s), 50/50 VUs, 3134 complete and 0 interrupted iterations
mixed   [  87% ] 50 VUs  26.0s/30s

running (27.0s), 50/50 VUs, 3231 complete and 0 interrupted iterations
mixed   [  90% ] 50 VUs  27.0s/30s

running (28.0s), 50/50 VUs, 3329 complete and 0 interrupted iterations
mixed   [  93% ] 50 VUs  28.0s/30s

running (29.0s), 50/50 VUs, 3457 complete and 0 interrupted iterations
mixed   [  97% ] 50 VUs  29.0s/30s

running (30.0s), 50/50 VUs, 3558 complete and 0 interrupted iterations
mixed   [ 100% ] 50 VUs  30.0s/30s

running (31.0s), 30/50 VUs, 3578 complete and 0 interrupted iterations
mixed ↓ [ 100% ] 50 VUs  30s

running (32.0s), 30/50 VUs, 3578 complete and 0 interrupted iterations
mixed ↓ [ 100% ] 50 VUs  30s

running (33.0s), 30/50 VUs, 3578 complete and 0 interrupted iterations
mixed ↓ [ 100% ] 50 VUs  30s

running (34.0s), 30/50 VUs, 3578 complete and 0 interrupted iterations
mixed ↓ [ 100% ] 50 VUs  30s

running (35.0s), 30/50 VUs, 3578 complete and 0 interrupted iterations
mixed ↓ [ 100% ] 50 VUs  30s

running (36.0s), 30/50 VUs, 3578 complete and 0 interrupted iterations
mixed ↓ [ 100% ] 50 VUs  30s

running (37.0s), 30/50 VUs, 3578 complete and 0 interrupted iterations
mixed ↓ [ 100% ] 50 VUs  30s

running (38.0s), 30/50 VUs, 3578 complete and 0 interrupted iterations
mixed ↓ [ 100% ] 50 VUs  30s

running (39.0s), 30/50 VUs, 3578 complete and 0 interrupted iterations
mixed ↓ [ 100% ] 50 VUs  30s

running (40.0s), 30/50 VUs, 3578 complete and 0 interrupted iterations
mixed ↓ [ 100% ] 50 VUs  30s


  █ THRESHOLDS 

    failed_requests
    ✓ 'rate<0.01' rate=0.00%


  █ TOTAL RESULTS 

    checks_total.......: 7156    178.914704/s
    checks_succeeded...: 100.00% 7156 out of 7156
    checks_failed......: 0.00%   0 out of 7156

    ✓ status ok
    ✓ has data

    CUSTOM
    failed_requests................: 0.00%  0 out of 3578
    ttfb...........................: avg=165.5ms  min=12.73ms med=150.2ms  max=799.82ms p(90)=285.06ms p(95)=329.99ms

    HTTP
    http_req_duration..............: avg=166.97ms min=12.92ms med=151.66ms max=800.1ms  p(90)=286.31ms p(95)=331.42ms
      { expected_response:true }...: avg=166.97ms min=12.92ms med=151.66ms max=800.1ms  p(90)=286.31ms p(95)=331.42ms
    http_req_failed................: 0.00%  0 out of 3578
    http_reqs......................: 3578   89.457352/s

    EXECUTION
    iteration_duration.............: avg=167.92ms min=13.38ms med=152.52ms max=800.33ms p(90)=287.83ms p(95)=332.02ms
    iterations.....................: 3578   89.457352/s
    vus............................: 30     min=30        max=50
    vus_max........................: 50     min=50        max=50

    NETWORK
    data_received..................: 20 MB  487 kB/s
    data_sent......................: 613 kB 15 kB/s




running (40.0s), 00/50 VUs, 3578 complete and 30 interrupted iterations
mixed ✓ [ 100% ] 50 VUs  30s
