
         /\      Grafana   /‾‾/  
    /\  /  \     |\  __   /  /   
   /  \/    \    | |/ /  /   ‾‾\ 
  /          \   |   (  |  (‾)  |
 / __________ \  |_|\_\  \_____/ 


     execution: local
        script: k6/bench.js
        output: -

     scenarios: (100.00%) 1 scenario, 50 max VUs, 40s max duration (incl. graceful stop):
              * show: 50 looping VUs for 30s (exec: show, gracefulStop: 10s)


running (01.0s), 50/50 VUs, 256 complete and 0 interrupted iterations
show   [   3% ] 50 VUs  01.0s/30s

running (02.0s), 50/50 VUs, 527 complete and 0 interrupted iterations
show   [   7% ] 50 VUs  02.0s/30s

running (03.0s), 50/50 VUs, 800 complete and 0 interrupted iterations
show   [  10% ] 50 VUs  03.0s/30s

running (04.0s), 50/50 VUs, 1071 complete and 0 interrupted iterations
show   [  13% ] 50 VUs  04.0s/30s

running (05.0s), 50/50 VUs, 1372 complete and 0 interrupted iterations
show   [  17% ] 50 VUs  05.0s/30s

running (06.0s), 50/50 VUs, 1593 complete and 0 interrupted iterations
show   [  20% ] 50 VUs  06.0s/30s

running (07.0s), 50/50 VUs, 1815 complete and 0 interrupted iterations
show   [  23% ] 50 VUs  07.0s/30s

running (08.0s), 50/50 VUs, 2036 complete and 0 interrupted iterations
show   [  27% ] 50 VUs  08.0s/30s

running (09.0s), 50/50 VUs, 2252 complete and 0 interrupted iterations
show   [  30% ] 50 VUs  09.0s/30s

running (10.0s), 50/50 VUs, 2458 complete and 0 interrupted iterations
show   [  33% ] 50 VUs  10.0s/30s

running (11.0s), 50/50 VUs, 2678 complete and 0 interrupted iterations
show   [  37% ] 50 VUs  11.0s/30s

running (12.0s), 50/50 VUs, 2928 complete and 0 interrupted iterations
show   [  40% ] 50 VUs  12.0s/30s

running (13.0s), 50/50 VUs, 3148 complete and 0 interrupted iterations
show   [  43% ] 50 VUs  13.0s/30s

running (14.0s), 50/50 VUs, 3353 complete and 0 interrupted iterations
show   [  47% ] 50 VUs  14.0s/30s

running (15.0s), 50/50 VUs, 3613 complete and 0 interrupted iterations
show   [  50% ] 50 VUs  15.0s/30s

running (16.0s), 50/50 VUs, 3860 complete and 0 interrupted iterations
show   [  53% ] 50 VUs  16.0s/30s

running (17.0s), 50/50 VUs, 4075 complete and 0 interrupted iterations
show   [  57% ] 50 VUs  17.0s/30s

running (18.0s), 50/50 VUs, 4289 complete and 0 interrupted iterations
show   [  60% ] 50 VUs  18.0s/30s

running (19.0s), 50/50 VUs, 4489 complete and 0 interrupted iterations
show   [  63% ] 50 VUs  19.0s/30s

running (20.0s), 50/50 VUs, 4715 complete and 0 interrupted iterations
show   [  67% ] 50 VUs  20.0s/30s

running (21.0s), 50/50 VUs, 4946 complete and 0 interrupted iterations
show   [  70% ] 50 VUs  21.0s/30s

running (22.0s), 50/50 VUs, 5206 complete and 0 interrupted iterations
show   [  73% ] 50 VUs  22.0s/30s

running (23.0s), 50/50 VUs, 5450 complete and 0 interrupted iterations
show   [  77% ] 50 VUs  23.0s/30s

running (24.0s), 50/50 VUs, 5666 complete and 0 interrupted iterations
show   [  80% ] 50 VUs  24.0s/30s

running (25.0s), 50/50 VUs, 5913 complete and 0 interrupted iterations
show   [  83% ] 50 VUs  25.0s/30s

running (26.0s), 50/50 VUs, 6181 complete and 0 interrupted iterations
show   [  87% ] 50 VUs  26.0s/30s

running (27.0s), 50/50 VUs, 6382 complete and 0 interrupted iterations
show   [  90% ] 50 VUs  27.0s/30s

running (28.0s), 50/50 VUs, 6641 complete and 0 interrupted iterations
show   [  93% ] 50 VUs  28.0s/30s

running (29.0s), 50/50 VUs, 6851 complete and 0 interrupted iterations
show   [  97% ] 50 VUs  29.0s/30s

running (30.0s), 50/50 VUs, 7098 complete and 0 interrupted iterations
show   [ 100% ] 50 VUs  30.0s/30s

running (31.0s), 28/50 VUs, 7132 complete and 0 interrupted iterations
show ↓ [ 100% ] 50 VUs  30s

running (32.0s), 28/50 VUs, 7132 complete and 0 interrupted iterations
show ↓ [ 100% ] 50 VUs  30s

running (33.0s), 28/50 VUs, 7132 complete and 0 interrupted iterations
show ↓ [ 100% ] 50 VUs  30s

running (34.0s), 28/50 VUs, 7132 complete and 0 interrupted iterations
show ↓ [ 100% ] 50 VUs  30s

running (35.0s), 28/50 VUs, 7132 complete and 0 interrupted iterations
show ↓ [ 100% ] 50 VUs  30s

running (36.0s), 28/50 VUs, 7132 complete and 0 interrupted iterations
show ↓ [ 100% ] 50 VUs  30s

running (37.0s), 28/50 VUs, 7132 complete and 0 interrupted iterations
show ↓ [ 100% ] 50 VUs  30s

running (38.0s), 28/50 VUs, 7132 complete and 0 interrupted iterations
show ↓ [ 100% ] 50 VUs  30s

running (39.0s), 28/50 VUs, 7132 complete and 0 interrupted iterations
show ↓ [ 100% ] 50 VUs  30s

running (40.0s), 28/50 VUs, 7132 complete and 0 interrupted iterations
show ↓ [ 100% ] 50 VUs  30s


  █ THRESHOLDS 

    failed_requests
    ✓ 'rate<0.01' rate=0.00%


  █ TOTAL RESULTS 

    checks_total.......: 14264   356.66127/s
    checks_succeeded...: 100.00% 14264 out of 14264
    checks_failed......: 0.00%   0 out of 14264

    ✓ status ok
    ✓ has data

    CUSTOM
    failed_requests................: 0.00%  0 out of 7132
    ttfb...........................: avg=91.55ms min=7.92ms med=91.8ms  max=466.59ms p(90)=172.33ms p(95)=189.02ms

    HTTP
    http_req_duration..............: avg=91.83ms min=7.99ms med=92.07ms max=466.64ms p(90)=172.72ms p(95)=189.19ms
      { expected_response:true }...: avg=91.83ms min=7.99ms med=92.07ms max=466.64ms p(90)=172.72ms p(95)=189.19ms
    http_req_failed................: 0.00%  0 out of 7132
    http_reqs......................: 7132   178.330635/s

    EXECUTION
    iteration_duration.............: avg=92.51ms min=8.28ms med=92.72ms max=466.83ms p(90)=173.45ms p(95)=190.01ms
    iterations.....................: 7132   178.330635/s
    vus............................: 28     min=28        max=50
    vus_max........................: 50     min=50        max=50

    NETWORK
    data_received..................: 4.1 MB 102 kB/s
    data_sent......................: 1.3 MB 32 kB/s




running (40.0s), 00/50 VUs, 7132 complete and 28 interrupted iterations
show ✓ [ 100% ] 50 VUs  30s
