
         /\      Grafana   /‾‾/  
    /\  /  \     |\  __   /  /   
   /  \/    \    | |/ /  /   ‾‾\ 
  /          \   |   (  |  (‾)  |
 / __________ \  |_|\_\  \_____/ 


     execution: local
        script: k6/bench.js
        output: -

     scenarios: (100.00%) 1 scenario, 50 max VUs, 40s max duration (incl. graceful stop):
              * list: 50 looping VUs for 30s (exec: list, gracefulStop: 10s)


running (01.0s), 50/50 VUs, 120 complete and 0 interrupted iterations
list   [   3% ] 50 VUs  01.0s/30s

running (02.0s), 50/50 VUs, 253 complete and 0 interrupted iterations
list   [   7% ] 50 VUs  02.0s/30s

running (03.0s), 50/50 VUs, 414 complete and 0 interrupted iterations
list   [  10% ] 50 VUs  03.0s/30s

running (04.0s), 50/50 VUs, 571 complete and 0 interrupted iterations
list   [  13% ] 50 VUs  04.0s/30s

running (05.0s), 50/50 VUs, 701 complete and 0 interrupted iterations
list   [  17% ] 50 VUs  05.0s/30s

running (06.0s), 50/50 VUs, 858 complete and 0 interrupted iterations
list   [  20% ] 50 VUs  06.0s/30s

running (07.0s), 50/50 VUs, 995 complete and 0 interrupted iterations
list   [  23% ] 50 VUs  07.0s/30s

running (08.0s), 50/50 VUs, 1175 complete and 0 interrupted iterations
list   [  27% ] 50 VUs  08.0s/30s

running (09.0s), 50/50 VUs, 1363 complete and 0 interrupted iterations
list   [  30% ] 50 VUs  09.0s/30s

running (10.0s), 50/50 VUs, 1570 complete and 0 interrupted iterations
list   [  33% ] 50 VUs  10.0s/30s

running (11.0s), 50/50 VUs, 1780 complete and 0 interrupted iterations
list   [  37% ] 50 VUs  11.0s/30s

running (12.0s), 50/50 VUs, 1904 complete and 0 interrupted iterations
list   [  40% ] 50 VUs  12.0s/30s

running (13.0s), 50/50 VUs, 2117 complete and 0 interrupted iterations
list   [  43% ] 50 VUs  13.0s/30s

running (14.0s), 50/50 VUs, 2271 complete and 0 interrupted iterations
list   [  47% ] 50 VUs  14.0s/30s

running (15.0s), 50/50 VUs, 2454 complete and 0 interrupted iterations
list   [  50% ] 50 VUs  15.0s/30s

running (16.0s), 50/50 VUs, 2623 complete and 0 interrupted iterations
list   [  53% ] 50 VUs  16.0s/30s

running (17.0s), 50/50 VUs, 2818 complete and 0 interrupted iterations
list   [  57% ] 50 VUs  17.0s/30s

running (18.0s), 50/50 VUs, 2980 complete and 0 interrupted iterations
list   [  60% ] 50 VUs  18.0s/30s

running (19.0s), 50/50 VUs, 3166 complete and 0 interrupted iterations
list   [  63% ] 50 VUs  19.0s/30s

running (20.0s), 50/50 VUs, 3389 complete and 0 interrupted iterations
list   [  67% ] 50 VUs  20.0s/30s

running (21.0s), 50/50 VUs, 3543 complete and 0 interrupted iterations
list   [  70% ] 50 VUs  21.0s/30s

running (22.0s), 50/50 VUs, 3750 complete and 0 interrupted iterations
list   [  73% ] 50 VUs  22.0s/30s

running (23.0s), 50/50 VUs, 3899 complete and 0 interrupted iterations
list   [  77% ] 50 VUs  23.0s/30s

running (24.0s), 50/50 VUs, 4105 complete and 0 interrupted iterations
list   [  80% ] 50 VUs  24.0s/30s

running (25.0s), 50/50 VUs, 4306 complete and 0 interrupted iterations
list   [  83% ] 50 VUs  25.0s/30s

running (26.0s), 50/50 VUs, 4504 complete and 0 interrupted iterations
list   [  87% ] 50 VUs  26.0s/30s

running (27.0s), 50/50 VUs, 4690 complete and 0 interrupted iterations
list   [  90% ] 50 VUs  27.0s/30s

running (28.0s), 50/50 VUs, 4861 complete and 0 interrupted iterations
list   [  93% ] 50 VUs  28.0s/30s

running (29.0s), 50/50 VUs, 4990 complete and 0 interrupted iterations
list   [  97% ] 50 VUs  29.0s/30s

running (30.0s), 50/50 VUs, 5192 complete and 0 interrupted iterations
list   [ 100% ] 50 VUs  30.0s/30s


  █ THRESHOLDS 

    failed_requests
    ✓ 'rate<0.01' rate=0.00%


  █ TOTAL RESULTS 

    checks_total.......: 10504   348.76955/s
    checks_succeeded...: 100.00% 10504 out of 10504
    checks_failed......: 0.00%   0 out of 10504

    ✓ status ok
    ✓ has data

    CUSTOM
    failed_requests................: 0.00%  0 out of 5252
    ttfb...........................: avg=283.92ms min=32.37ms med=269.7ms  max=1.31s p(90)=381.39ms p(95)=441.87ms

    HTTP
    http_req_duration..............: avg=285.44ms min=33.29ms med=270.82ms max=1.31s p(90)=383.4ms  p(95)=443.38ms
      { expected_response:true }...: avg=285.44ms min=33.29ms med=270.82ms max=1.31s p(90)=383.4ms  p(95)=443.38ms
    http_req_failed................: 0.00%  0 out of 5252
    http_reqs......................: 5252   174.384775/s

    EXECUTION
    iteration_duration.............: avg=286.07ms min=44.73ms med=271.36ms max=1.33s p(90)=384.29ms p(95)=443.73ms
    iterations.....................: 5252   174.384775/s
    vus............................: 50     min=50        max=50
    vus_max........................: 50     min=50        max=50

    NETWORK
    data_received..................: 32 MB  1.1 MB/s
    data_sent......................: 844 kB 28 kB/s




running (30.1s), 00/50 VUs, 5252 complete and 0 interrupted iterations
list ✓ [ 100% ] 50 VUs  30s
