
         /\      Grafana   /‾‾/  
    /\  /  \     |\  __   /  /   
   /  \/    \    | |/ /  /   ‾‾\ 
  /          \   |   (  |  (‾)  |
 / __________ \  |_|\_\  \_____/ 


     execution: local
        script: k6/bench.js
        output: -

     scenarios: (100.00%) 1 scenario, 50 max VUs, 40s max duration (incl. graceful stop):
              * mixed: 50 looping VUs for 30s (exec: mixed, gracefulStop: 10s)


running (01.0s), 50/50 VUs, 130 complete and 0 interrupted iterations
mixed   [   3% ] 50 VUs  01.0s/30s

running (02.0s), 50/50 VUs, 280 complete and 0 interrupted iterations
mixed   [   7% ] 50 VUs  02.0s/30s

running (03.0s), 50/50 VUs, 431 complete and 0 interrupted iterations
mixed   [  10% ] 50 VUs  03.0s/30s

running (04.0s), 50/50 VUs, 574 complete and 0 interrupted iterations
mixed   [  13% ] 50 VUs  04.0s/30s

running (05.0s), 50/50 VUs, 740 complete and 0 interrupted iterations
mixed   [  17% ] 50 VUs  05.0s/30s

running (06.0s), 50/50 VUs, 906 complete and 0 interrupted iterations
mixed   [  20% ] 50 VUs  06.0s/30s

running (07.0s), 50/50 VUs, 1085 complete and 0 interrupted iterations
mixed   [  23% ] 50 VUs  07.0s/30s

running (08.0s), 50/50 VUs, 1245 complete and 0 interrupted iterations
mixed   [  27% ] 50 VUs  08.0s/30s

running (09.0s), 50/50 VUs, 1433 complete and 0 interrupted iterations
mixed   [  30% ] 50 VUs  09.0s/30s

running (10.0s), 50/50 VUs, 1598 complete and 0 interrupted iterations
mixed   [  33% ] 50 VUs  10.0s/30s

running (11.0s), 50/50 VUs, 1817 complete and 0 interrupted iterations
mixed   [  37% ] 50 VUs  11.0s/30s

running (12.0s), 50/50 VUs, 2010 complete and 0 interrupted iterations
mixed   [  40% ] 50 VUs  12.0s/30s

running (13.0s), 50/50 VUs, 2228 complete and 0 interrupted iterations
mixed   [  43% ] 50 VUs  13.0s/30s

running (14.0s), 50/50 VUs, 2388 complete and 0 interrupted iterations
mixed   [  47% ] 50 VUs  14.0s/30s

running (15.0s), 50/50 VUs, 2562 complete and 0 interrupted iterations
mixed   [  50% ] 50 VUs  15.0s/30s

running (16.0s), 50/50 VUs, 2735 complete and 0 interrupted iterations
mixed   [  53% ] 50 VUs  16.0s/30s

running (17.0s), 50/50 VUs, 2902 complete and 0 interrupted iterations
mixed   [  57% ] 50 VUs  17.0s/30s

running (18.0s), 50/50 VUs, 3084 complete and 0 interrupted iterations
mixed   [  60% ] 50 VUs  18.0s/30s

running (19.0s), 50/50 VUs, 3278 complete and 0 interrupted iterations
mixed   [  63% ] 50 VUs  19.0s/30s

running (20.0s), 50/50 VUs, 3455 complete and 0 interrupted iterations
mixed   [  67% ] 50 VUs  20.0s/30s

running (21.0s), 50/50 VUs, 3651 complete and 0 interrupted iterations
mixed   [  70% ] 50 VUs  21.0s/30s

running (22.0s), 50/50 VUs, 3848 complete and 0 interrupted iterations
mixed   [  73% ] 50 VUs  22.0s/30s

running (23.0s), 50/50 VUs, 4049 complete and 0 interrupted iterations
mixed   [  77% ] 50 VUs  23.0s/30s

running (24.0s), 50/50 VUs, 4279 complete and 0 interrupted iterations
mixed   [  80% ] 50 VUs  24.0s/30s

running (25.0s), 50/50 VUs, 4486 complete and 0 interrupted iterations
mixed   [  83% ] 50 VUs  25.0s/30s

running (26.0s), 50/50 VUs, 4671 complete and 0 interrupted iterations
mixed   [  87% ] 50 VUs  26.0s/30s

running (27.0s), 50/50 VUs, 4813 complete and 0 interrupted iterations
mixed   [  90% ] 50 VUs  27.0s/30s

running (28.0s), 50/50 VUs, 4993 complete and 0 interrupted iterations
mixed   [  93% ] 50 VUs  28.0s/30s

running (29.0s), 50/50 VUs, 5189 complete and 0 interrupted iterations
mixed   [  97% ] 50 VUs  29.0s/30s

running (30.0s), 50/50 VUs, 5361 complete and 0 interrupted iterations
mixed   [ 100% ] 50 VUs  30.0s/30s


  █ THRESHOLDS 

    failed_requests
    ✓ 'rate<0.01' rate=0.00%


  █ TOTAL RESULTS 

    checks_total.......: 10822   357.313584/s
    checks_succeeded...: 100.00% 10822 out of 10822
    checks_failed......: 0.00%   0 out of 10822

    ✓ status ok
    ✓ has data

    CUSTOM
    failed_requests................: 0.00%  0 out of 5411
    ttfb...........................: avg=276.74ms min=29.47ms med=268.44ms max=1.33s p(90)=368.66ms p(95)=405.45ms

    HTTP
    http_req_duration..............: avg=278.17ms min=30.19ms med=269.82ms max=1.34s p(90)=370.84ms p(95)=407.18ms
      { expected_response:true }...: avg=278.17ms min=30.19ms med=269.82ms max=1.34s p(90)=370.84ms p(95)=407.18ms
    http_req_failed................: 0.00%  0 out of 5411
    http_reqs......................: 5411   178.656792/s

    EXECUTION
    iteration_duration.............: avg=278.75ms min=31.38ms med=270.26ms max=1.35s p(90)=371.19ms p(95)=407.56ms
    iterations.....................: 5411   178.656792/s
    vus............................: 50     min=50        max=50
    vus_max........................: 50     min=50        max=50

    NETWORK
    data_received..................: 29 MB  954 kB/s
    data_sent......................: 913 kB 30 kB/s




running (30.3s), 00/50 VUs, 5411 complete and 0 interrupted iterations
mixed ✓ [ 100% ] 50 VUs  30s
