
         /\      Grafana   /‾‾/  
    /\  /  \     |\  __   /  /   
   /  \/    \    | |/ /  /   ‾‾\ 
  /          \   |   (  |  (‾)  |
 / __________ \  |_|\_\  \_____/ 


     execution: local
        script: k6/bench.js
        output: -

     scenarios: (100.00%) 1 scenario, 50 max VUs, 40s max duration (incl. graceful stop):
              * write: 50 looping VUs for 30s (exec: write, gracefulStop: 10s)


running (01.0s), 50/50 VUs, 272 complete and 0 interrupted iterations
write   [   3% ] 50 VUs  01.0s/30s

running (02.0s), 50/50 VUs, 581 complete and 0 interrupted iterations
write   [   7% ] 50 VUs  02.0s/30s

running (03.0s), 50/50 VUs, 860 complete and 0 interrupted iterations
write   [  10% ] 50 VUs  03.0s/30s

running (04.0s), 50/50 VUs, 1124 complete and 0 interrupted iterations
write   [  13% ] 50 VUs  04.0s/30s

running (05.0s), 50/50 VUs, 1329 complete and 0 interrupted iterations
write   [  17% ] 50 VUs  05.0s/30s

running (06.0s), 50/50 VUs, 1606 complete and 0 interrupted iterations
write   [  20% ] 50 VUs  06.0s/30s

running (07.0s), 50/50 VUs, 1895 complete and 0 interrupted iterations
write   [  23% ] 50 VUs  07.0s/30s

running (08.0s), 50/50 VUs, 2128 complete and 0 interrupted iterations
write   [  27% ] 50 VUs  08.0s/30s

running (09.0s), 50/50 VUs, 2404 complete and 0 interrupted iterations
write   [  30% ] 50 VUs  09.0s/30s

running (10.0s), 50/50 VUs, 2779 complete and 0 interrupted iterations
write   [  33% ] 50 VUs  10.0s/30s

running (11.0s), 50/50 VUs, 3179 complete and 0 interrupted iterations
write   [  37% ] 50 VUs  11.0s/30s

running (12.0s), 50/50 VUs, 3541 complete and 0 interrupted iterations
write   [  40% ] 50 VUs  12.0s/30s

running (13.0s), 50/50 VUs, 3929 complete and 0 interrupted iterations
write   [  43% ] 50 VUs  13.0s/30s

running (14.0s), 50/50 VUs, 4167 complete and 0 interrupted iterations
write   [  47% ] 50 VUs  14.0s/30s

running (15.0s), 50/50 VUs, 4397 complete and 0 interrupted iterations
write   [  50% ] 50 VUs  15.0s/30s

running (16.0s), 50/50 VUs, 4765 complete and 0 interrupted iterations
write   [  53% ] 50 VUs  16.0s/30s

running (17.0s), 50/50 VUs, 5162 complete and 0 interrupted iterations
write   [  57% ] 50 VUs  17.0s/30s

running (18.0s), 50/50 VUs, 5551 complete and 0 interrupted iterations
write   [  60% ] 50 VUs  18.0s/30s

running (19.0s), 50/50 VUs, 5820 complete and 0 interrupted iterations
write   [  63% ] 50 VUs  19.0s/30s

running (20.0s), 50/50 VUs, 6168 complete and 0 interrupted iterations
write   [  67% ] 50 VUs  20.0s/30s

running (21.0s), 50/50 VUs, 6602 complete and 0 interrupted iterations
write   [  70% ] 50 VUs  21.0s/30s

running (22.0s), 50/50 VUs, 7016 complete and 0 interrupted iterations
write   [  73% ] 50 VUs  22.0s/30s

running (23.0s), 50/50 VUs, 7380 complete and 0 interrupted iterations
write   [  77% ] 50 VUs  23.0s/30s

running (24.0s), 50/50 VUs, 7815 complete and 0 interrupted iterations
write   [  80% ] 50 VUs  24.0s/30s

running (25.0s), 50/50 VUs, 8162 complete and 0 interrupted iterations
write   [  83% ] 50 VUs  25.0s/30s

running (26.0s), 50/50 VUs, 8546 complete and 0 interrupted iterations
write   [  87% ] 50 VUs  26.0s/30s

running (27.0s), 50/50 VUs, 8944 complete and 0 interrupted iterations
write   [  90% ] 50 VUs  27.0s/30s

running (28.0s), 50/50 VUs, 9352 complete and 0 interrupted iterations
write   [  93% ] 50 VUs  28.0s/30s

running (29.0s), 50/50 VUs, 9707 complete and 0 interrupted iterations
write   [  97% ] 50 VUs  29.0s/30s

running (30.0s), 50/50 VUs, 10059 complete and 0 interrupted iterations
write   [ 100% ] 50 VUs  30.0s/30s


  █ THRESHOLDS 

    failed_requests
    ✓ 'rate<0.01' rate=0.00%


  █ TOTAL RESULTS 

    checks_total.......: 20218   672.221718/s
    checks_succeeded...: 100.00% 20218 out of 20218
    checks_failed......: 0.00%   0 out of 20218

    ✓ status ok
    ✓ has data

    CUSTOM
    failed_requests................: 0.00%  0 out of 10109
    ttfb...........................: avg=147.34ms min=11.06ms med=131.83ms max=746.87ms p(90)=205.94ms p(95)=243.52ms

    HTTP
    http_req_duration..............: avg=148.11ms min=12.37ms med=132.65ms max=747.59ms p(90)=206.63ms p(95)=245.24ms
      { expected_response:true }...: avg=148.11ms min=12.37ms med=132.65ms max=747.59ms p(90)=206.63ms p(95)=245.24ms
    http_req_failed................: 0.00%  0 out of 10109
    http_reqs......................: 10109  336.110859/s

    EXECUTION
    iteration_duration.............: avg=148.53ms min=12.8ms  med=133.02ms max=758.64ms p(90)=207.06ms p(95)=245.87ms
    iterations.....................: 10109  336.110859/s
    vus............................: 50     min=50         max=50
    vus_max........................: 50     min=50         max=50

    NETWORK
    data_received..................: 6.0 MB 199 kB/s
    data_sent......................: 3.0 MB 101 kB/s




running (30.1s), 00/50 VUs, 10109 complete and 0 interrupted iterations
write ✓ [ 100% ] 50 VUs  30s
