
         /\      Grafana   /‾‾/  
    /\  /  \     |\  __   /  /   
   /  \/    \    | |/ /  /   ‾‾\ 
  /          \   |   (  |  (‾)  |
 / __________ \  |_|\_\  \_____/ 


     execution: local
        script: k6/bench.js
        output: -

     scenarios: (100.00%) 1 scenario, 50 max VUs, 40s max duration (incl. graceful stop):
              * show: 50 looping VUs for 30s (exec: show, gracefulStop: 10s)


running (01.0s), 50/50 VUs, 262 complete and 0 interrupted iterations
show   [   3% ] 50 VUs  01.0s/30s

running (02.0s), 50/50 VUs, 536 complete and 0 interrupted iterations
show   [   7% ] 50 VUs  02.0s/30s

running (03.0s), 50/50 VUs, 846 complete and 0 interrupted iterations
show   [  10% ] 50 VUs  03.0s/30s

running (04.0s), 50/50 VUs, 1106 complete and 0 interrupted iterations
show   [  13% ] 50 VUs  04.0s/30s

running (05.0s), 50/50 VUs, 1364 complete and 0 interrupted iterations
show   [  17% ] 50 VUs  05.0s/30s

running (06.0s), 50/50 VUs, 1608 complete and 0 interrupted iterations
show   [  20% ] 50 VUs  06.0s/30s

running (07.0s), 50/50 VUs, 1837 complete and 0 interrupted iterations
show   [  23% ] 50 VUs  07.0s/30s

running (08.0s), 50/50 VUs, 2077 complete and 0 interrupted iterations
show   [  27% ] 50 VUs  08.0s/30s

running (09.0s), 50/50 VUs, 2365 complete and 0 interrupted iterations
show   [  30% ] 50 VUs  09.0s/30s

running (10.0s), 50/50 VUs, 2605 complete and 0 interrupted iterations
show   [  33% ] 50 VUs  10.0s/30s

running (10.9s), 50/50 VUs, 2889 complete and 0 interrupted iterations
show   [  37% ] 50 VUs  11.0s/30s

running (12.0s), 50/50 VUs, 3176 complete and 0 interrupted iterations
show   [  40% ] 50 VUs  12.0s/30s

running (12.9s), 50/50 VUs, 3465 complete and 0 interrupted iterations
show   [  43% ] 50 VUs  13.0s/30s

running (13.9s), 50/50 VUs, 3733 complete and 0 interrupted iterations
show   [  47% ] 50 VUs  14.0s/30s

running (14.9s), 50/50 VUs, 4004 complete and 0 interrupted iterations
show   [  50% ] 50 VUs  15.0s/30s

running (15.9s), 50/50 VUs, 4327 complete and 0 interrupted iterations
show   [  53% ] 50 VUs  16.0s/30s

running (16.9s), 50/50 VUs, 4676 complete and 0 interrupted iterations
show   [  57% ] 50 VUs  17.0s/30s

running (17.9s), 50/50 VUs, 4962 complete and 0 interrupted iterations
show   [  60% ] 50 VUs  18.0s/30s

running (18.9s), 50/50 VUs, 5299 complete and 0 interrupted iterations
show   [  63% ] 50 VUs  19.0s/30s

running (19.9s), 50/50 VUs, 5624 complete and 0 interrupted iterations
show   [  67% ] 50 VUs  20.0s/30s

running (20.9s), 50/50 VUs, 5936 complete and 0 interrupted iterations
show   [  70% ] 50 VUs  21.0s/30s

running (22.0s), 50/50 VUs, 6255 complete and 0 interrupted iterations
show   [  73% ] 50 VUs  22.0s/30s

running (23.0s), 50/50 VUs, 6611 complete and 0 interrupted iterations
show   [  77% ] 50 VUs  23.0s/30s

running (24.0s), 50/50 VUs, 6946 complete and 0 interrupted iterations
show   [  80% ] 50 VUs  24.0s/30s

running (24.9s), 50/50 VUs, 7273 complete and 0 interrupted iterations
show   [  83% ] 50 VUs  25.0s/30s

running (26.0s), 50/50 VUs, 7579 complete and 0 interrupted iterations
show   [  87% ] 50 VUs  26.0s/30s

running (26.9s), 50/50 VUs, 7963 complete and 0 interrupted iterations
show   [  90% ] 50 VUs  27.0s/30s

running (27.9s), 50/50 VUs, 8375 complete and 0 interrupted iterations
show   [  93% ] 50 VUs  28.0s/30s

running (29.0s), 50/50 VUs, 8756 complete and 0 interrupted iterations
show   [  97% ] 50 VUs  29.0s/30s

running (30.0s), 50/50 VUs, 9119 complete and 0 interrupted iterations
show   [ 100% ] 50 VUs  30.0s/30s


  █ THRESHOLDS 

    failed_requests
    ✓ 'rate<0.01' rate=0.00%


  █ TOTAL RESULTS 

    checks_total.......: 18382   611.085075/s
    checks_succeeded...: 100.00% 18382 out of 18382
    checks_failed......: 0.00%   0 out of 18382

    ✓ status ok
    ✓ has data

    CUSTOM
    failed_requests................: 0.00%  0 out of 9191
    ttfb...........................: avg=162.09ms min=9.33ms med=154.37ms max=831.25ms p(90)=257.86ms p(95)=294.41ms

    HTTP
    http_req_duration..............: avg=162.49ms min=9.43ms med=154.91ms max=841.99ms p(90)=258.16ms p(95)=294.75ms
      { expected_response:true }...: avg=162.49ms min=9.43ms med=154.91ms max=841.99ms p(90)=258.16ms p(95)=294.75ms
    http_req_failed................: 0.00%  0 out of 9191
    http_reqs......................: 9191   305.542538/s

    EXECUTION
    iteration_duration.............: avg=163.41ms min=9.74ms med=155.73ms max=853.25ms p(90)=258.96ms p(95)=295.77ms
    iterations.....................: 9191   305.542538/s
    vus............................: 50     min=50        max=50
    vus_max........................: 50     min=50        max=50

    NETWORK
    data_received..................: 4.7 MB 157 kB/s
    data_sent......................: 1.6 MB 54 kB/s




running (30.1s), 00/50 VUs, 9191 complete and 0 interrupted iterations
show ✓ [ 100% ] 50 VUs  30s
