
         /\      Grafana   /‾‾/  
    /\  /  \     |\  __   /  /   
   /  \/    \    | |/ /  /   ‾‾\ 
  /          \   |   (  |  (‾)  |
 / __________ \  |_|\_\  \_____/ 


     execution: local
        script: k6/bench.js
        output: -

     scenarios: (100.00%) 1 scenario, 50 max VUs, 40s max duration (incl. graceful stop):
              * list: 50 looping VUs for 30s (exec: list, gracefulStop: 10s)


running (01.0s), 50/50 VUs, 663 complete and 0 interrupted iterations
list   [   3% ] 50 VUs  01.0s/30s

running (02.0s), 50/50 VUs, 1335 complete and 0 interrupted iterations
list   [   7% ] 50 VUs  02.0s/30s

running (03.0s), 50/50 VUs, 2073 complete and 0 interrupted iterations
list   [  10% ] 50 VUs  03.0s/30s

running (04.0s), 50/50 VUs, 2884 complete and 0 interrupted iterations
list   [  13% ] 50 VUs  04.0s/30s

running (05.0s), 50/50 VUs, 3807 complete and 0 interrupted iterations
list   [  17% ] 50 VUs  05.0s/30s

running (06.0s), 50/50 VUs, 4683 complete and 0 interrupted iterations
list   [  20% ] 50 VUs  06.0s/30s

running (07.0s), 50/50 VUs, 5527 complete and 0 interrupted iterations
list   [  23% ] 50 VUs  07.0s/30s

running (08.0s), 50/50 VUs, 6476 complete and 0 interrupted iterations
list   [  27% ] 50 VUs  08.0s/30s

running (09.0s), 50/50 VUs, 7320 complete and 0 interrupted iterations
list   [  30% ] 50 VUs  09.0s/30s

running (10.0s), 50/50 VUs, 8093 complete and 0 interrupted iterations
list   [  33% ] 50 VUs  10.0s/30s

running (11.0s), 50/50 VUs, 8798 complete and 0 interrupted iterations
list   [  37% ] 50 VUs  11.0s/30s

running (12.0s), 50/50 VUs, 9382 complete and 0 interrupted iterations
list   [  40% ] 50 VUs  12.0s/30s

running (13.0s), 50/50 VUs, 9962 complete and 0 interrupted iterations
list   [  43% ] 50 VUs  13.0s/30s

running (14.0s), 50/50 VUs, 10588 complete and 0 interrupted iterations
list   [  47% ] 50 VUs  14.0s/30s

running (15.0s), 50/50 VUs, 11164 complete and 0 interrupted iterations
list   [  50% ] 50 VUs  15.0s/30s

running (16.0s), 50/50 VUs, 11846 complete and 0 interrupted iterations
list   [  53% ] 50 VUs  16.0s/30s

running (17.0s), 50/50 VUs, 12526 complete and 0 interrupted iterations
list   [  57% ] 50 VUs  17.0s/30s

running (18.0s), 50/50 VUs, 13231 complete and 0 interrupted iterations
list   [  60% ] 50 VUs  18.0s/30s

running (19.0s), 50/50 VUs, 13942 complete and 0 interrupted iterations
list   [  63% ] 50 VUs  19.0s/30s

running (20.0s), 50/50 VUs, 14637 complete and 0 interrupted iterations
list   [  67% ] 50 VUs  20.0s/30s

running (21.0s), 50/50 VUs, 15616 complete and 0 interrupted iterations
list   [  70% ] 50 VUs  21.0s/30s

running (22.0s), 50/50 VUs, 16613 complete and 0 interrupted iterations
list   [  73% ] 50 VUs  22.0s/30s

running (23.0s), 50/50 VUs, 17484 complete and 0 interrupted iterations
list   [  77% ] 50 VUs  23.0s/30s

running (24.0s), 50/50 VUs, 18359 complete and 0 interrupted iterations
list   [  80% ] 50 VUs  24.0s/30s

running (25.0s), 50/50 VUs, 19260 complete and 0 interrupted iterations
list   [  83% ] 50 VUs  25.0s/30s

running (26.0s), 50/50 VUs, 20207 complete and 0 interrupted iterations
list   [  87% ] 50 VUs  26.0s/30s

running (27.0s), 50/50 VUs, 21159 complete and 0 interrupted iterations
list   [  90% ] 50 VUs  27.0s/30s

running (28.0s), 50/50 VUs, 22134 complete and 0 interrupted iterations
list   [  93% ] 50 VUs  28.0s/30s

running (29.0s), 50/50 VUs, 22976 complete and 0 interrupted iterations
list   [  97% ] 50 VUs  29.0s/30s

running (30.0s), 50/50 VUs, 23915 complete and 0 interrupted iterations
list   [ 100% ] 50 VUs  30.0s/30s


  █ THRESHOLDS 

    failed_requests
    ✓ 'rate<0.01' rate=0.00%


  █ TOTAL RESULTS 

    checks_total.......: 47938   1596.437561/s
    checks_succeeded...: 100.00% 47938 out of 47938
    checks_failed......: 0.00%   0 out of 47938

    ✓ status ok
    ✓ has data

    CUSTOM
    failed_requests................: 0.00%  0 out of 23969
    ttfb...........................: avg=60.46ms min=5.51ms med=50.1ms  max=433.36ms p(90)=112.58ms p(95)=142.64ms

    HTTP
    http_req_duration..............: avg=61.8ms  min=5.74ms med=51.4ms  max=433.43ms p(90)=114.57ms p(95)=144.15ms
      { expected_response:true }...: avg=61.8ms  min=5.74ms med=51.4ms  max=433.43ms p(90)=114.57ms p(95)=144.15ms
    http_req_failed................: 0.00%  0 out of 23969
    http_reqs......................: 23969  798.218781/s

    EXECUTION
    iteration_duration.............: avg=62.55ms min=5.98ms med=52.08ms max=433.63ms p(90)=115.7ms  p(95)=145.02ms
    iterations.....................: 23969  798.218781/s
    vus............................: 50     min=50         max=50
    vus_max........................: 50     min=50         max=50

    NETWORK
    data_received..................: 171 MB 5.7 MB/s
    data_sent......................: 3.8 MB 127 kB/s




running (30.0s), 00/50 VUs, 23969 complete and 0 interrupted iterations
list ✓ [ 100% ] 50 VUs  30s
