
         /\      Grafana   /‾‾/  
    /\  /  \     |\  __   /  /   
   /  \/    \    | |/ /  /   ‾‾\ 
  /          \   |   (  |  (‾)  |
 / __________ \  |_|\_\  \_____/ 


     execution: local
        script: k6/bench.js
        output: -

     scenarios: (100.00%) 1 scenario, 50 max VUs, 40s max duration (incl. graceful stop):
              * write: 50 looping VUs for 30s (exec: write, gracefulStop: 10s)


running (01.0s), 50/50 VUs, 439 complete and 0 interrupted iterations
write   [   3% ] 50 VUs  01.0s/30s

running (02.0s), 50/50 VUs, 876 complete and 0 interrupted iterations
write   [   7% ] 50 VUs  02.0s/30s

running (03.0s), 50/50 VUs, 1444 complete and 0 interrupted iterations
write   [  10% ] 50 VUs  03.0s/30s

running (04.0s), 50/50 VUs, 1933 complete and 0 interrupted iterations
write   [  13% ] 50 VUs  04.0s/30s

running (05.0s), 50/50 VUs, 2459 complete and 0 interrupted iterations
write   [  17% ] 50 VUs  05.0s/30s

running (06.0s), 50/50 VUs, 3064 complete and 0 interrupted iterations
write   [  20% ] 50 VUs  06.0s/30s

running (07.0s), 50/50 VUs, 3473 complete and 0 interrupted iterations
write   [  23% ] 50 VUs  07.0s/30s

running (08.0s), 50/50 VUs, 3935 complete and 0 interrupted iterations
write   [  27% ] 50 VUs  08.0s/30s

running (09.0s), 50/50 VUs, 4340 complete and 0 interrupted iterations
write   [  30% ] 50 VUs  09.0s/30s

running (10.0s), 50/50 VUs, 4875 complete and 0 interrupted iterations
write   [  33% ] 50 VUs  10.0s/30s

running (11.0s), 50/50 VUs, 5470 complete and 0 interrupted iterations
write   [  37% ] 50 VUs  11.0s/30s

running (12.0s), 50/50 VUs, 6004 complete and 0 interrupted iterations
write   [  40% ] 50 VUs  12.0s/30s

running (12.9s), 50/50 VUs, 6340 complete and 0 interrupted iterations
write   [  43% ] 50 VUs  13.0s/30s

running (13.9s), 50/50 VUs, 6798 complete and 0 interrupted iterations
write   [  47% ] 50 VUs  14.0s/30s

running (14.9s), 50/50 VUs, 7337 complete and 0 interrupted iterations
write   [  50% ] 50 VUs  15.0s/30s

running (16.0s), 50/50 VUs, 7870 complete and 0 interrupted iterations
write   [  53% ] 50 VUs  16.0s/30s

running (16.9s), 50/50 VUs, 8411 complete and 0 interrupted iterations
write   [  57% ] 50 VUs  17.0s/30s

running (17.9s), 50/50 VUs, 8906 complete and 0 interrupted iterations
write   [  60% ] 50 VUs  18.0s/30s

running (18.9s), 50/50 VUs, 9373 complete and 0 interrupted iterations
write   [  63% ] 50 VUs  19.0s/30s

running (20.0s), 50/50 VUs, 9890 complete and 0 interrupted iterations
write   [  67% ] 50 VUs  20.0s/30s

running (20.9s), 50/50 VUs, 10499 complete and 0 interrupted iterations
write   [  70% ] 50 VUs  21.0s/30s

running (21.9s), 50/50 VUs, 11071 complete and 0 interrupted iterations
write   [  73% ] 50 VUs  22.0s/30s

running (22.9s), 50/50 VUs, 11630 complete and 0 interrupted iterations
write   [  77% ] 50 VUs  23.0s/30s

running (23.9s), 50/50 VUs, 12102 complete and 0 interrupted iterations
write   [  80% ] 50 VUs  24.0s/30s

running (24.9s), 50/50 VUs, 12592 complete and 0 interrupted iterations
write   [  83% ] 50 VUs  25.0s/30s

running (25.9s), 50/50 VUs, 13193 complete and 0 interrupted iterations
write   [  87% ] 50 VUs  26.0s/30s

running (26.9s), 50/50 VUs, 13736 complete and 0 interrupted iterations
write   [  90% ] 50 VUs  27.0s/30s

running (27.9s), 50/50 VUs, 14242 complete and 0 interrupted iterations
write   [  93% ] 50 VUs  28.0s/30s

running (28.9s), 50/50 VUs, 14808 complete and 0 interrupted iterations
write   [  97% ] 50 VUs  29.0s/30s

running (29.9s), 50/50 VUs, 15214 complete and 0 interrupted iterations
write   [ 100% ] 50 VUs  30.0s/30s


  █ THRESHOLDS 

    failed_requests
    ✓ 'rate<0.01' rate=0.00%


  █ TOTAL RESULTS 

    checks_total.......: 30588   1017.391198/s
    checks_succeeded...: 100.00% 30588 out of 30588
    checks_failed......: 0.00%   0 out of 30588

    ✓ status ok
    ✓ has data

    CUSTOM
    failed_requests................: 0.00%  0 out of 15294
    ttfb...........................: avg=95.26ms min=0s       med=88.68ms max=389.39ms p(90)=155.75ms p(95)=178.12ms

    HTTP
    http_req_duration..............: avg=96.52ms min=153.37µs med=90.03ms max=389.94ms p(90)=157.75ms p(95)=180ms   
      { expected_response:true }...: avg=96.52ms min=153.37µs med=90.03ms max=389.94ms p(90)=157.75ms p(95)=180ms   
    http_req_failed................: 0.00%  0 out of 15294
    http_reqs......................: 15294  508.695599/s

    EXECUTION
    iteration_duration.............: avg=98.1ms  min=3.57ms   med=91.63ms max=403.18ms p(90)=159.68ms p(95)=182.35ms
    iterations.....................: 15294  508.695599/s
    vus............................: 50     min=50         max=50
    vus_max........................: 50     min=50         max=50

    NETWORK
    data_received..................: 20 MB  666 kB/s
    data_sent......................: 4.6 MB 153 kB/s




running (30.1s), 00/50 VUs, 15294 complete and 0 interrupted iterations
write ✓ [ 100% ] 50 VUs  30s
