
         /\      Grafana   /‾‾/  
    /\  /  \     |\  __   /  /   
   /  \/    \    | |/ /  /   ‾‾\ 
  /          \   |   (  |  (‾)  |
 / __________ \  |_|\_\  \_____/ 


     execution: local
        script: k6/bench.js
        output: -

     scenarios: (100.00%) 1 scenario, 50 max VUs, 40s max duration (incl. graceful stop):
              * mixed: 50 looping VUs for 30s (exec: mixed, gracefulStop: 10s)


running (01.0s), 50/50 VUs, 352 complete and 0 interrupted iterations
mixed   [   3% ] 50 VUs  01.0s/30s

running (02.0s), 50/50 VUs, 771 complete and 0 interrupted iterations
mixed   [   7% ] 50 VUs  02.0s/30s

running (03.0s), 50/50 VUs, 1262 complete and 0 interrupted iterations
mixed   [  10% ] 50 VUs  03.0s/30s

running (04.0s), 50/50 VUs, 1935 complete and 0 interrupted iterations
mixed   [  13% ] 50 VUs  04.0s/30s

running (05.0s), 50/50 VUs, 2629 complete and 0 interrupted iterations
mixed   [  17% ] 50 VUs  05.0s/30s

running (06.0s), 50/50 VUs, 3431 complete and 0 interrupted iterations
mixed   [  20% ] 50 VUs  06.0s/30s

running (07.0s), 50/50 VUs, 4145 complete and 0 interrupted iterations
mixed   [  23% ] 50 VUs  07.0s/30s

running (08.0s), 50/50 VUs, 4722 complete and 0 interrupted iterations
mixed   [  27% ] 50 VUs  08.0s/30s

running (09.0s), 50/50 VUs, 5365 complete and 0 interrupted iterations
mixed   [  30% ] 50 VUs  09.0s/30s

running (10.0s), 50/50 VUs, 6010 complete and 0 interrupted iterations
mixed   [  33% ] 50 VUs  10.0s/30s

running (11.0s), 50/50 VUs, 6693 complete and 0 interrupted iterations
mixed   [  37% ] 50 VUs  11.0s/30s

running (12.0s), 50/50 VUs, 7265 complete and 0 interrupted iterations
mixed   [  40% ] 50 VUs  12.0s/30s

running (13.0s), 50/50 VUs, 7789 complete and 0 interrupted iterations
mixed   [  43% ] 50 VUs  13.0s/30s

running (14.0s), 50/50 VUs, 8526 complete and 0 interrupted iterations
mixed   [  47% ] 50 VUs  14.0s/30s

running (15.0s), 50/50 VUs, 9194 complete and 0 interrupted iterations
mixed   [  50% ] 50 VUs  15.0s/30s

running (16.0s), 50/50 VUs, 9886 complete and 0 interrupted iterations
mixed   [  53% ] 50 VUs  16.0s/30s

running (17.0s), 50/50 VUs, 10502 complete and 0 interrupted iterations
mixed   [  57% ] 50 VUs  17.0s/30s

running (18.0s), 50/50 VUs, 11176 complete and 0 interrupted iterations
mixed   [  60% ] 50 VUs  18.0s/30s

running (19.0s), 50/50 VUs, 11857 complete and 0 interrupted iterations
mixed   [  63% ] 50 VUs  19.0s/30s

running (20.0s), 50/50 VUs, 12594 complete and 0 interrupted iterations
mixed   [  67% ] 50 VUs  20.0s/30s

running (21.0s), 50/50 VUs, 13263 complete and 0 interrupted iterations
mixed   [  70% ] 50 VUs  21.0s/30s

running (22.0s), 50/50 VUs, 13846 complete and 0 interrupted iterations
mixed   [  73% ] 50 VUs  22.0s/30s

running (23.0s), 50/50 VUs, 14497 complete and 0 interrupted iterations
mixed   [  77% ] 50 VUs  23.0s/30s

running (24.0s), 50/50 VUs, 15153 complete and 0 interrupted iterations
mixed   [  80% ] 50 VUs  24.0s/30s

running (25.0s), 50/50 VUs, 15898 complete and 0 interrupted iterations
mixed   [  83% ] 50 VUs  25.0s/30s

running (26.0s), 50/50 VUs, 16660 complete and 0 interrupted iterations
mixed   [  87% ] 50 VUs  26.0s/30s

running (27.0s), 50/50 VUs, 17401 complete and 0 interrupted iterations
mixed   [  90% ] 50 VUs  27.0s/30s

running (28.0s), 50/50 VUs, 18037 complete and 0 interrupted iterations
mixed   [  93% ] 50 VUs  28.0s/30s

running (29.0s), 50/50 VUs, 18661 complete and 0 interrupted iterations
mixed   [  97% ] 50 VUs  29.0s/30s

running (30.0s), 50/50 VUs, 19304 complete and 0 interrupted iterations
mixed   [ 100% ] 50 VUs  30.0s/30s


  █ THRESHOLDS 

    failed_requests
    ✓ 'rate<0.01' rate=0.00%


  █ TOTAL RESULTS 

    checks_total.......: 38722   1289.152671/s
    checks_succeeded...: 100.00% 38722 out of 38722
    checks_failed......: 0.00%   0 out of 38722

    ✓ status ok
    ✓ has data

    CUSTOM
    failed_requests................: 0.00%  0 out of 19361
    ttfb...........................: avg=76.33ms min=1.45ms med=64.95ms max=677.57ms p(90)=140.93ms p(95)=176.82ms

    HTTP
    http_req_duration..............: avg=76.81ms min=1.54ms med=65.34ms max=677.65ms p(90)=141.74ms p(95)=177.49ms
      { expected_response:true }...: avg=76.81ms min=1.54ms med=65.34ms max=677.65ms p(90)=141.74ms p(95)=177.49ms
    http_req_failed................: 0.00%  0 out of 19361
    http_reqs......................: 19361  644.576335/s

    EXECUTION
    iteration_duration.............: avg=77.47ms min=1.8ms  med=66.11ms max=677.87ms p(90)=142.42ms p(95)=178.16ms
    iterations.....................: 19361  644.576335/s
    vus............................: 50     min=50         max=50
    vus_max........................: 50     min=50         max=50

    NETWORK
    data_received..................: 97 MB  3.2 MB/s
    data_sent......................: 3.2 MB 107 kB/s




running (30.0s), 00/50 VUs, 19361 complete and 0 interrupted iterations
mixed ✓ [ 100% ] 50 VUs  30s
