
         /\      Grafana   /‾‾/  
    /\  /  \     |\  __   /  /   
   /  \/    \    | |/ /  /   ‾‾\ 
  /          \   |   (  |  (‾)  |
 / __________ \  |_|\_\  \_____/ 


     execution: local
        script: k6/bench.js
        output: -

     scenarios: (100.00%) 1 scenario, 50 max VUs, 40s max duration (incl. graceful stop):
              * write: 50 looping VUs for 30s (exec: write, gracefulStop: 10s)


running (01.0s), 50/50 VUs, 2825 complete and 0 interrupted iterations
write   [   3% ] 50 VUs  01.0s/30s

running (02.0s), 50/50 VUs, 5453 complete and 0 interrupted iterations
write   [   7% ] 50 VUs  02.0s/30s

running (03.0s), 50/50 VUs, 8511 complete and 0 interrupted iterations
write   [  10% ] 50 VUs  03.0s/30s

running (04.0s), 50/50 VUs, 11245 complete and 0 interrupted iterations
write   [  13% ] 50 VUs  04.0s/30s

running (05.0s), 50/50 VUs, 14397 complete and 0 interrupted iterations
write   [  17% ] 50 VUs  05.0s/30s

running (06.0s), 50/50 VUs, 17295 complete and 0 interrupted iterations
write   [  20% ] 50 VUs  06.0s/30s

running (07.0s), 50/50 VUs, 20169 complete and 0 interrupted iterations
write   [  23% ] 50 VUs  07.0s/30s

running (08.0s), 50/50 VUs, 22869 complete and 0 interrupted iterations
write   [  27% ] 50 VUs  08.0s/30s

running (09.0s), 50/50 VUs, 25226 complete and 0 interrupted iterations
write   [  30% ] 50 VUs  09.0s/30s

running (10.0s), 50/50 VUs, 27895 complete and 0 interrupted iterations
write   [  33% ] 50 VUs  10.0s/30s

running (11.0s), 50/50 VUs, 30386 complete and 0 interrupted iterations
write   [  37% ] 50 VUs  11.0s/30s

running (12.0s), 50/50 VUs, 32828 complete and 0 interrupted iterations
write   [  40% ] 50 VUs  12.0s/30s

running (13.0s), 50/50 VUs, 35360 complete and 0 interrupted iterations
write   [  43% ] 50 VUs  13.0s/30s

running (14.0s), 50/50 VUs, 37671 complete and 0 interrupted iterations
write   [  47% ] 50 VUs  14.0s/30s

running (15.0s), 50/50 VUs, 39534 complete and 0 interrupted iterations
write   [  50% ] 50 VUs  15.0s/30s

running (16.0s), 50/50 VUs, 42152 complete and 0 interrupted iterations
write   [  53% ] 50 VUs  16.0s/30s

running (17.0s), 50/50 VUs, 44520 complete and 0 interrupted iterations
write   [  57% ] 50 VUs  17.0s/30s

running (18.0s), 50/50 VUs, 47244 complete and 0 interrupted iterations
write   [  60% ] 50 VUs  18.0s/30s

running (19.0s), 50/50 VUs, 49268 complete and 0 interrupted iterations
write   [  63% ] 50 VUs  19.0s/30s

running (20.0s), 50/50 VUs, 51562 complete and 0 interrupted iterations
write   [  67% ] 50 VUs  20.0s/30s

running (21.0s), 50/50 VUs, 53524 complete and 0 interrupted iterations
write   [  70% ] 50 VUs  21.0s/30s

running (22.0s), 50/50 VUs, 55550 complete and 0 interrupted iterations
write   [  73% ] 50 VUs  22.0s/30s

running (23.0s), 50/50 VUs, 57622 complete and 0 interrupted iterations
write   [  77% ] 50 VUs  23.0s/30s

running (24.0s), 50/50 VUs, 59565 complete and 0 interrupted iterations
write   [  80% ] 50 VUs  24.0s/30s

running (25.0s), 50/50 VUs, 61768 complete and 0 interrupted iterations
write   [  83% ] 50 VUs  25.0s/30s

running (26.0s), 50/50 VUs, 63653 complete and 0 interrupted iterations
write   [  87% ] 50 VUs  26.0s/30s

running (27.0s), 50/50 VUs, 66025 complete and 0 interrupted iterations
write   [  90% ] 50 VUs  27.0s/30s

running (28.0s), 50/50 VUs, 68075 complete and 0 interrupted iterations
write   [  93% ] 50 VUs  28.0s/30s

running (29.0s), 50/50 VUs, 70343 complete and 0 interrupted iterations
write   [  97% ] 50 VUs  29.0s/30s

running (30.0s), 50/50 VUs, 72707 complete and 0 interrupted iterations
write   [ 100% ] 50 VUs  30.0s/30s


  █ THRESHOLDS 

    failed_requests
    ✓ 'rate<0.01' rate=0.00%


  █ TOTAL RESULTS 

    checks_total.......: 145548  4849.005348/s
    checks_succeeded...: 100.00% 145548 out of 145548
    checks_failed......: 0.00%   0 out of 145548

    ✓ status ok
    ✓ has data

    CUSTOM
    failed_requests................: 0.00% 0 out of 72774
    ttfb...........................: avg=19.71ms min=1.53ms med=17.91ms max=104.68ms p(90)=31.55ms p(95)=37.43ms

    HTTP
    http_req_duration..............: avg=20.1ms  min=1.59ms med=18.23ms max=114.15ms p(90)=32.17ms p(95)=38.19ms
      { expected_response:true }...: avg=20.1ms  min=1.59ms med=18.23ms max=114.15ms p(90)=32.17ms p(95)=38.19ms
    http_req_failed................: 0.00% 0 out of 72774
    http_reqs......................: 72774 2424.502674/s

    EXECUTION
    iteration_duration.............: avg=20.57ms min=1.74ms med=18.68ms max=114.32ms p(90)=32.8ms  p(95)=38.87ms
    iterations.....................: 72774 2424.502674/s
    vus............................: 50    min=50         max=50
    vus_max........................: 50    min=50         max=50

    NETWORK
    data_received..................: 95 MB 3.2 MB/s
    data_sent......................: 22 MB 730 kB/s




running (30.0s), 00/50 VUs, 72774 complete and 0 interrupted iterations
write ✓ [ 100% ] 50 VUs  30s
