
         /\      Grafana   /‾‾/  
    /\  /  \     |\  __   /  /   
   /  \/    \    | |/ /  /   ‾‾\ 
  /          \   |   (  |  (‾)  |
 / __________ \  |_|\_\  \_____/ 


     execution: local
        script: k6/bench.js
        output: -

     scenarios: (100.00%) 1 scenario, 50 max VUs, 40s max duration (incl. graceful stop):
              * list: 50 looping VUs for 30s (exec: list, gracefulStop: 10s)


running (01.0s), 50/50 VUs, 768 complete and 0 interrupted iterations
list   [   3% ] 50 VUs  01.0s/30s

running (02.0s), 50/50 VUs, 1487 complete and 0 interrupted iterations
list   [   7% ] 50 VUs  02.0s/30s

running (03.0s), 50/50 VUs, 2151 complete and 0 interrupted iterations
list   [  10% ] 50 VUs  03.0s/30s

running (04.0s), 50/50 VUs, 2825 complete and 0 interrupted iterations
list   [  13% ] 50 VUs  04.0s/30s

running (05.0s), 50/50 VUs, 3585 complete and 0 interrupted iterations
list   [  17% ] 50 VUs  05.0s/30s

running (06.0s), 50/50 VUs, 4269 complete and 0 interrupted iterations
list   [  20% ] 50 VUs  06.0s/30s

running (07.0s), 50/50 VUs, 5031 complete and 0 interrupted iterations
list   [  23% ] 50 VUs  07.0s/30s

running (08.0s), 50/50 VUs, 5833 complete and 0 interrupted iterations
list   [  27% ] 50 VUs  08.0s/30s

running (09.0s), 50/50 VUs, 6627 complete and 0 interrupted iterations
list   [  30% ] 50 VUs  09.0s/30s

running (10.0s), 50/50 VUs, 7236 complete and 0 interrupted iterations
list   [  33% ] 50 VUs  10.0s/30s

running (11.0s), 50/50 VUs, 8001 complete and 0 interrupted iterations
list   [  37% ] 50 VUs  11.0s/30s

running (12.0s), 50/50 VUs, 8719 complete and 0 interrupted iterations
list   [  40% ] 50 VUs  12.0s/30s

running (13.0s), 50/50 VUs, 9379 complete and 0 interrupted iterations
list   [  43% ] 50 VUs  13.0s/30s

running (14.0s), 50/50 VUs, 10007 complete and 0 interrupted iterations
list   [  47% ] 50 VUs  14.0s/30s

running (15.0s), 50/50 VUs, 10829 complete and 0 interrupted iterations
list   [  50% ] 50 VUs  15.0s/30s

running (16.0s), 50/50 VUs, 11776 complete and 0 interrupted iterations
list   [  53% ] 50 VUs  16.0s/30s

running (17.0s), 50/50 VUs, 12657 complete and 0 interrupted iterations
list   [  57% ] 50 VUs  17.0s/30s

running (18.0s), 50/50 VUs, 13601 complete and 0 interrupted iterations
list   [  60% ] 50 VUs  18.0s/30s

running (19.0s), 50/50 VUs, 14516 complete and 0 interrupted iterations
list   [  63% ] 50 VUs  19.0s/30s

running (20.0s), 50/50 VUs, 15422 complete and 0 interrupted iterations
list   [  67% ] 50 VUs  20.0s/30s

running (21.0s), 50/50 VUs, 16451 complete and 0 interrupted iterations
list   [  70% ] 50 VUs  21.0s/30s

running (22.0s), 50/50 VUs, 17326 complete and 0 interrupted iterations
list   [  73% ] 50 VUs  22.0s/30s

running (23.0s), 50/50 VUs, 18257 complete and 0 interrupted iterations
list   [  77% ] 50 VUs  23.0s/30s

running (24.0s), 50/50 VUs, 19101 complete and 0 interrupted iterations
list   [  80% ] 50 VUs  24.0s/30s

running (25.0s), 50/50 VUs, 19960 complete and 0 interrupted iterations
list   [  83% ] 50 VUs  25.0s/30s

running (26.0s), 50/50 VUs, 20839 complete and 0 interrupted iterations
list   [  87% ] 50 VUs  26.0s/30s

running (27.0s), 50/50 VUs, 21733 complete and 0 interrupted iterations
list   [  90% ] 50 VUs  27.0s/30s

running (28.0s), 50/50 VUs, 22680 complete and 0 interrupted iterations
list   [  93% ] 50 VUs  28.0s/30s

running (29.0s), 50/50 VUs, 23637 complete and 0 interrupted iterations
list   [  97% ] 50 VUs  29.0s/30s

running (30.0s), 50/50 VUs, 24596 complete and 0 interrupted iterations
list   [ 100% ] 50 VUs  30.0s/30s


  █ THRESHOLDS 

    failed_requests
    ✓ 'rate<0.01' rate=0.00%


  █ TOTAL RESULTS 

    checks_total.......: 49302   1641.711118/s
    checks_succeeded...: 100.00% 49302 out of 49302
    checks_failed......: 0.00%   0 out of 49302

    ✓ status ok
    ✓ has data

    CUSTOM
    failed_requests................: 0.00%  0 out of 24651
    ttfb...........................: avg=59.21ms min=5.35ms med=51.08ms max=386.89ms p(90)=106.79ms p(95)=128.66ms

    HTTP
    http_req_duration..............: avg=60.25ms min=5.46ms med=52.25ms max=386.98ms p(90)=108.36ms p(95)=130.09ms
      { expected_response:true }...: avg=60.25ms min=5.46ms med=52.25ms max=386.98ms p(90)=108.36ms p(95)=130.09ms
    http_req_failed................: 0.00%  0 out of 24651
    http_reqs......................: 24651  820.855559/s

    EXECUTION
    iteration_duration.............: avg=60.84ms min=5.63ms med=52.81ms max=387.13ms p(90)=109.01ms p(95)=130.84ms
    iterations.....................: 24651  820.855559/s
    vus............................: 50     min=50         max=50
    vus_max........................: 50     min=50         max=50

    NETWORK
    data_received..................: 176 MB 5.8 MB/s
    data_sent......................: 3.9 MB 130 kB/s




running (30.0s), 00/50 VUs, 24651 complete and 0 interrupted iterations
list ✓ [ 100% ] 50 VUs  30s
