
         /\      Grafana   /‾‾/  
    /\  /  \     |\  __   /  /   
   /  \/    \    | |/ /  /   ‾‾\ 
  /          \   |   (  |  (‾)  |
 / __________ \  |_|\_\  \_____/ 


     execution: local
        script: k6/bench.js
        output: -

     scenarios: (100.00%) 1 scenario, 50 max VUs, 40s max duration (incl. graceful stop):
              * list: 50 looping VUs for 30s (exec: list, gracefulStop: 10s)


running (01.0s), 50/50 VUs, 113 complete and 0 interrupted iterations
list   [   3% ] 50 VUs  01.0s/30s

running (02.0s), 50/50 VUs, 231 complete and 0 interrupted iterations
list   [   7% ] 50 VUs  02.0s/30s

running (03.0s), 50/50 VUs, 365 complete and 0 interrupted iterations
list   [  10% ] 50 VUs  03.0s/30s

running (04.0s), 50/50 VUs, 495 complete and 0 interrupted iterations
list   [  13% ] 50 VUs  04.0s/30s

running (05.0s), 50/50 VUs, 599 complete and 0 interrupted iterations
list   [  17% ] 50 VUs  05.0s/30s

running (06.0s), 50/50 VUs, 690 complete and 0 interrupted iterations
list   [  20% ] 50 VUs  06.0s/30s

running (07.0s), 50/50 VUs, 783 complete and 0 interrupted iterations
list   [  23% ] 50 VUs  07.0s/30s

running (08.0s), 50/50 VUs, 878 complete and 0 interrupted iterations
list   [  27% ] 50 VUs  08.0s/30s

running (09.0s), 50/50 VUs, 970 complete and 0 interrupted iterations
list   [  30% ] 50 VUs  09.0s/30s

running (10.0s), 50/50 VUs, 1081 complete and 0 interrupted iterations
list   [  33% ] 50 VUs  10.0s/30s

running (11.0s), 50/50 VUs, 1193 complete and 0 interrupted iterations
list   [  37% ] 50 VUs  11.0s/30s

running (12.0s), 50/50 VUs, 1315 complete and 0 interrupted iterations
list   [  40% ] 50 VUs  12.0s/30s

running (13.0s), 50/50 VUs, 1443 complete and 0 interrupted iterations
list   [  43% ] 50 VUs  13.0s/30s

running (14.0s), 50/50 VUs, 1561 complete and 0 interrupted iterations
list   [  47% ] 50 VUs  14.0s/30s

running (15.0s), 50/50 VUs, 1666 complete and 0 interrupted iterations
list   [  50% ] 50 VUs  15.0s/30s

running (16.0s), 50/50 VUs, 1772 complete and 0 interrupted iterations
list   [  53% ] 50 VUs  16.0s/30s

running (17.0s), 50/50 VUs, 1900 complete and 0 interrupted iterations
list   [  57% ] 50 VUs  17.0s/30s

running (18.0s), 50/50 VUs, 2016 complete and 0 interrupted iterations
list   [  60% ] 50 VUs  18.0s/30s

running (19.0s), 50/50 VUs, 2143 complete and 0 interrupted iterations
list   [  63% ] 50 VUs  19.0s/30s

running (20.0s), 50/50 VUs, 2267 complete and 0 interrupted iterations
list   [  67% ] 50 VUs  20.0s/30s

running (21.0s), 50/50 VUs, 2381 complete and 0 interrupted iterations
list   [  70% ] 50 VUs  21.0s/30s

running (22.0s), 50/50 VUs, 2478 complete and 0 interrupted iterations
list   [  73% ] 50 VUs  22.0s/30s

running (23.0s), 50/50 VUs, 2580 complete and 0 interrupted iterations
list   [  77% ] 50 VUs  23.0s/30s

running (24.0s), 50/50 VUs, 2688 complete and 0 interrupted iterations
list   [  80% ] 50 VUs  24.0s/30s

running (25.0s), 50/50 VUs, 2792 complete and 0 interrupted iterations
list   [  83% ] 50 VUs  25.0s/30s

running (26.0s), 50/50 VUs, 2897 complete and 0 interrupted iterations
list   [  87% ] 50 VUs  26.0s/30s

running (27.0s), 50/50 VUs, 3031 complete and 0 interrupted iterations
list   [  90% ] 50 VUs  27.0s/30s

running (28.0s), 50/50 VUs, 3158 complete and 0 interrupted iterations
list   [  93% ] 50 VUs  28.0s/30s

running (29.0s), 50/50 VUs, 3263 complete and 0 interrupted iterations
list   [  97% ] 50 VUs  29.0s/30s

running (30.0s), 50/50 VUs, 3391 complete and 0 interrupted iterations
list   [ 100% ] 50 VUs  30.0s/30s

running (31.0s), 19/50 VUs, 3422 complete and 0 interrupted iterations
list ↓ [ 100% ] 50 VUs  30s

running (32.0s), 19/50 VUs, 3422 complete and 0 interrupted iterations
list ↓ [ 100% ] 50 VUs  30s

running (33.0s), 19/50 VUs, 3422 complete and 0 interrupted iterations
list ↓ [ 100% ] 50 VUs  30s

running (34.0s), 19/50 VUs, 3422 complete and 0 interrupted iterations
list ↓ [ 100% ] 50 VUs  30s

running (35.0s), 19/50 VUs, 3422 complete and 0 interrupted iterations
list ↓ [ 100% ] 50 VUs  30s

running (36.0s), 19/50 VUs, 3422 complete and 0 interrupted iterations
list ↓ [ 100% ] 50 VUs  30s

running (37.0s), 19/50 VUs, 3422 complete and 0 interrupted iterations
list ↓ [ 100% ] 50 VUs  30s

running (38.0s), 19/50 VUs, 3422 complete and 0 interrupted iterations
list ↓ [ 100% ] 50 VUs  30s

running (39.0s), 19/50 VUs, 3422 complete and 0 interrupted iterations
list ↓ [ 100% ] 50 VUs  30s

running (40.0s), 19/50 VUs, 3422 complete and 0 interrupted iterations
list ↓ [ 100% ] 50 VUs  30s


  █ THRESHOLDS 

    failed_requests
    ✓ 'rate<0.01' rate=0.00%


  █ TOTAL RESULTS 

    checks_total.......: 6844    171.105256/s
    checks_succeeded...: 100.00% 6844 out of 6844
    checks_failed......: 0.00%   0 out of 6844

    ✓ status ok
    ✓ has data

    CUSTOM
    failed_requests................: 0.00%  0 out of 3422
    ttfb...........................: avg=270.82ms min=47.52ms med=212.56ms max=26.43s p(90)=329.02ms p(95)=378.23ms

    HTTP
    http_req_duration..............: avg=271.57ms min=47.94ms med=213.16ms max=26.43s p(90)=330.1ms  p(95)=379.6ms 
      { expected_response:true }...: avg=271.57ms min=47.94ms med=213.16ms max=26.43s p(90)=330.1ms  p(95)=379.6ms 
    http_req_failed................: 0.00%  0 out of 3422
    http_reqs......................: 3422   85.552628/s

    EXECUTION
    iteration_duration.............: avg=272.21ms min=52.24ms med=213.54ms max=26.44s p(90)=330.54ms p(95)=380.18ms
    iterations.....................: 3422   85.552628/s
    vus............................: 19     min=19        max=50
    vus_max........................: 50     min=50        max=50

    NETWORK
    data_received..................: 22 MB  538 kB/s
    data_sent......................: 557 kB 14 kB/s




running (40.0s), 00/50 VUs, 3422 complete and 19 interrupted iterations
list ✓ [ 100% ] 50 VUs  30s
