
         /\      Grafana   /‾‾/  
    /\  /  \     |\  __   /  /   
   /  \/    \    | |/ /  /   ‾‾\ 
  /          \   |   (  |  (‾)  |
 / __________ \  |_|\_\  \_____/ 


     execution: local
        script: k6/bench.js
        output: -

     scenarios: (100.00%) 1 scenario, 50 max VUs, 40s max duration (incl. graceful stop):
              * list: 50 looping VUs for 30s (exec: list, gracefulStop: 10s)


running (01.0s), 50/50 VUs, 139 complete and 0 interrupted iterations
list   [   3% ] 50 VUs  01.0s/30s

running (02.0s), 50/50 VUs, 260 complete and 0 interrupted iterations
list   [   7% ] 50 VUs  02.0s/30s

running (03.0s), 50/50 VUs, 382 complete and 0 interrupted iterations
list   [  10% ] 50 VUs  03.0s/30s

running (04.0s), 50/50 VUs, 506 complete and 0 interrupted iterations
list   [  13% ] 50 VUs  04.0s/30s

running (05.0s), 50/50 VUs, 642 complete and 0 interrupted iterations
list   [  17% ] 50 VUs  05.0s/30s

running (06.0s), 50/50 VUs, 773 complete and 0 interrupted iterations
list   [  20% ] 50 VUs  06.0s/30s

running (07.0s), 50/50 VUs, 913 complete and 0 interrupted iterations
list   [  23% ] 50 VUs  07.0s/30s

running (08.0s), 50/50 VUs, 1031 complete and 0 interrupted iterations
list   [  27% ] 50 VUs  08.0s/30s

running (09.0s), 50/50 VUs, 1158 complete and 0 interrupted iterations
list   [  30% ] 50 VUs  09.0s/30s

running (10.0s), 50/50 VUs, 1284 complete and 0 interrupted iterations
list   [  33% ] 50 VUs  10.0s/30s

running (11.0s), 50/50 VUs, 1423 complete and 0 interrupted iterations
list   [  37% ] 50 VUs  11.0s/30s

running (12.0s), 50/50 VUs, 1550 complete and 0 interrupted iterations
list   [  40% ] 50 VUs  12.0s/30s

running (13.0s), 50/50 VUs, 1679 complete and 0 interrupted iterations
list   [  43% ] 50 VUs  13.0s/30s

running (14.0s), 50/50 VUs, 1804 complete and 0 interrupted iterations
list   [  47% ] 50 VUs  14.0s/30s

running (15.0s), 50/50 VUs, 1934 complete and 0 interrupted iterations
list   [  50% ] 50 VUs  15.0s/30s

running (16.0s), 50/50 VUs, 2077 complete and 0 interrupted iterations
list   [  53% ] 50 VUs  16.0s/30s

running (17.0s), 50/50 VUs, 2202 complete and 0 interrupted iterations
list   [  57% ] 50 VUs  17.0s/30s

running (18.0s), 50/50 VUs, 2310 complete and 0 interrupted iterations
list   [  60% ] 50 VUs  18.0s/30s

running (19.0s), 50/50 VUs, 2425 complete and 0 interrupted iterations
list   [  63% ] 50 VUs  19.0s/30s

running (20.0s), 50/50 VUs, 2557 complete and 0 interrupted iterations
list   [  67% ] 50 VUs  20.0s/30s

running (21.0s), 50/50 VUs, 2693 complete and 0 interrupted iterations
list   [  70% ] 50 VUs  21.0s/30s

running (22.0s), 50/50 VUs, 2820 complete and 0 interrupted iterations
list   [  73% ] 50 VUs  22.0s/30s

running (23.0s), 50/50 VUs, 2930 complete and 0 interrupted iterations
list   [  77% ] 50 VUs  23.0s/30s

running (24.0s), 50/50 VUs, 3053 complete and 0 interrupted iterations
list   [  80% ] 50 VUs  24.0s/30s

running (25.0s), 50/50 VUs, 3155 complete and 0 interrupted iterations
list   [  83% ] 50 VUs  25.0s/30s

running (26.0s), 50/50 VUs, 3285 complete and 0 interrupted iterations
list   [  87% ] 50 VUs  26.0s/30s

running (27.0s), 50/50 VUs, 3423 complete and 0 interrupted iterations
list   [  90% ] 50 VUs  27.0s/30s

running (28.0s), 50/50 VUs, 3548 complete and 0 interrupted iterations
list   [  93% ] 50 VUs  28.0s/30s

running (29.0s), 50/50 VUs, 3679 complete and 0 interrupted iterations
list   [  97% ] 50 VUs  29.0s/30s

running (30.0s), 50/50 VUs, 3808 complete and 0 interrupted iterations
list   [ 100% ] 50 VUs  30.0s/30s

running (31.0s), 26/50 VUs, 3833 complete and 0 interrupted iterations
list ↓ [ 100% ] 50 VUs  30s

running (32.0s), 26/50 VUs, 3833 complete and 0 interrupted iterations
list ↓ [ 100% ] 50 VUs  30s

running (33.0s), 26/50 VUs, 3833 complete and 0 interrupted iterations
list ↓ [ 100% ] 50 VUs  30s

running (34.0s), 26/50 VUs, 3833 complete and 0 interrupted iterations
list ↓ [ 100% ] 50 VUs  30s

running (35.0s), 26/50 VUs, 3833 complete and 0 interrupted iterations
list ↓ [ 100% ] 50 VUs  30s

running (36.0s), 26/50 VUs, 3833 complete and 0 interrupted iterations
list ↓ [ 100% ] 50 VUs  30s

running (37.0s), 26/50 VUs, 3833 complete and 0 interrupted iterations
list ↓ [ 100% ] 50 VUs  30s

running (38.0s), 26/50 VUs, 3833 complete and 0 interrupted iterations
list ↓ [ 100% ] 50 VUs  30s

running (39.0s), 26/50 VUs, 3833 complete and 0 interrupted iterations
list ↓ [ 100% ] 50 VUs  30s

running (40.0s), 26/50 VUs, 3833 complete and 0 interrupted iterations
list ↓ [ 100% ] 50 VUs  30s


  █ THRESHOLDS 

    failed_requests
    ✓ 'rate<0.01' rate=0.00%


  █ TOTAL RESULTS 

    checks_total.......: 7666    191.657823/s
    checks_succeeded...: 100.00% 7666 out of 7666
    checks_failed......: 0.00%   0 out of 7666

    ✓ status ok
    ✓ has data

    CUSTOM
    failed_requests................: 0.00%  0 out of 3833
    ttfb...........................: avg=186.83ms min=37.68ms med=148.59ms max=24.93s p(90)=216.33ms p(95)=250.97ms

    HTTP
    http_req_duration..............: avg=187.6ms  min=40.72ms med=149.48ms max=24.93s p(90)=217.64ms p(95)=252.26ms
      { expected_response:true }...: avg=187.6ms  min=40.72ms med=149.48ms max=24.93s p(90)=217.64ms p(95)=252.26ms
    http_req_failed................: 0.00%  0 out of 3833
    http_reqs......................: 3833   95.828911/s

    EXECUTION
    iteration_duration.............: avg=188.16ms min=41.11ms med=149.97ms max=24.94s p(90)=218.21ms p(95)=252.74ms
    iterations.....................: 3833   95.828911/s
    vus............................: 26     min=26        max=50
    vus_max........................: 50     min=50        max=50

    NETWORK
    data_received..................: 24 MB  603 kB/s
    data_sent......................: 624 kB 16 kB/s




running (40.0s), 00/50 VUs, 3833 complete and 26 interrupted iterations
list ✓ [ 100% ] 50 VUs  30s
