
         /\      Grafana   /‾‾/  
    /\  /  \     |\  __   /  /   
   /  \/    \    | |/ /  /   ‾‾\ 
  /          \   |   (  |  (‾)  |
 / __________ \  |_|\_\  \_____/ 


     execution: local
        script: k6/bench.js
        output: -

     scenarios: (100.00%) 1 scenario, 50 max VUs, 40s max duration (incl. graceful stop):
              * mixed: 50 looping VUs for 30s (exec: mixed, gracefulStop: 10s)


running (01.0s), 50/50 VUs, 120 complete and 0 interrupted iterations
mixed   [   3% ] 50 VUs  01.0s/30s

running (02.0s), 50/50 VUs, 223 complete and 0 interrupted iterations
mixed   [   7% ] 50 VUs  02.0s/30s

running (03.0s), 50/50 VUs, 326 complete and 0 interrupted iterations
mixed   [  10% ] 50 VUs  03.0s/30s

running (04.0s), 50/50 VUs, 443 complete and 0 interrupted iterations
mixed   [  13% ] 50 VUs  04.0s/30s

running (05.0s), 50/50 VUs, 549 complete and 0 interrupted iterations
mixed   [  17% ] 50 VUs  05.0s/30s

running (06.0s), 50/50 VUs, 667 complete and 0 interrupted iterations
mixed   [  20% ] 50 VUs  06.0s/30s

running (07.0s), 50/50 VUs, 790 complete and 0 interrupted iterations
mixed   [  23% ] 50 VUs  07.0s/30s

running (08.0s), 50/50 VUs, 920 complete and 0 interrupted iterations
mixed   [  27% ] 50 VUs  08.0s/30s

running (09.0s), 50/50 VUs, 1048 complete and 0 interrupted iterations
mixed   [  30% ] 50 VUs  09.0s/30s

running (10.0s), 50/50 VUs, 1186 complete and 0 interrupted iterations
mixed   [  33% ] 50 VUs  10.0s/30s

running (11.0s), 50/50 VUs, 1306 complete and 0 interrupted iterations
mixed   [  37% ] 50 VUs  11.0s/30s

running (12.0s), 50/50 VUs, 1437 complete and 0 interrupted iterations
mixed   [  40% ] 50 VUs  12.0s/30s

running (13.0s), 50/50 VUs, 1563 complete and 0 interrupted iterations
mixed   [  43% ] 50 VUs  13.0s/30s

running (14.0s), 50/50 VUs, 1676 complete and 0 interrupted iterations
mixed   [  47% ] 50 VUs  14.0s/30s

running (15.0s), 50/50 VUs, 1808 complete and 0 interrupted iterations
mixed   [  50% ] 50 VUs  15.0s/30s

running (16.0s), 50/50 VUs, 1934 complete and 0 interrupted iterations
mixed   [  53% ] 50 VUs  16.0s/30s

running (17.0s), 50/50 VUs, 2072 complete and 0 interrupted iterations
mixed   [  57% ] 50 VUs  17.0s/30s

running (18.0s), 50/50 VUs, 2203 complete and 0 interrupted iterations
mixed   [  60% ] 50 VUs  18.0s/30s

running (19.0s), 50/50 VUs, 2340 complete and 0 interrupted iterations
mixed   [  63% ] 50 VUs  19.0s/30s

running (20.0s), 50/50 VUs, 2471 complete and 0 interrupted iterations
mixed   [  67% ] 50 VUs  20.0s/30s

running (21.0s), 50/50 VUs, 2600 complete and 0 interrupted iterations
mixed   [  70% ] 50 VUs  21.0s/30s

running (22.0s), 50/50 VUs, 2731 complete and 0 interrupted iterations
mixed   [  73% ] 50 VUs  22.0s/30s

running (23.0s), 50/50 VUs, 2858 complete and 0 interrupted iterations
mixed   [  77% ] 50 VUs  23.0s/30s

running (24.0s), 50/50 VUs, 2985 complete and 0 interrupted iterations
mixed   [  80% ] 50 VUs  24.0s/30s

running (25.0s), 50/50 VUs, 3110 complete and 0 interrupted iterations
mixed   [  83% ] 50 VUs  25.0s/30s

running (26.0s), 50/50 VUs, 3210 complete and 0 interrupted iterations
mixed   [  87% ] 50 VUs  26.0s/30s

running (27.0s), 50/50 VUs, 3338 complete and 0 interrupted iterations
mixed   [  90% ] 50 VUs  27.0s/30s

running (28.0s), 50/50 VUs, 3472 complete and 0 interrupted iterations
mixed   [  93% ] 50 VUs  28.0s/30s

running (29.0s), 50/50 VUs, 3588 complete and 0 interrupted iterations
mixed   [  97% ] 50 VUs  29.0s/30s

running (30.0s), 50/50 VUs, 3717 complete and 0 interrupted iterations
mixed   [ 100% ] 50 VUs  30.0s/30s

running (31.0s), 24/50 VUs, 3747 complete and 0 interrupted iterations
mixed ↓ [ 100% ] 50 VUs  30s

running (32.0s), 24/50 VUs, 3747 complete and 0 interrupted iterations
mixed ↓ [ 100% ] 50 VUs  30s

running (33.0s), 24/50 VUs, 3747 complete and 0 interrupted iterations
mixed ↓ [ 100% ] 50 VUs  30s

running (34.0s), 24/50 VUs, 3747 complete and 0 interrupted iterations
mixed ↓ [ 100% ] 50 VUs  30s

running (35.0s), 24/50 VUs, 3747 complete and 0 interrupted iterations
mixed ↓ [ 100% ] 50 VUs  30s

running (36.0s), 24/50 VUs, 3747 complete and 0 interrupted iterations
mixed ↓ [ 100% ] 50 VUs  30s

running (37.0s), 24/50 VUs, 3747 complete and 0 interrupted iterations
mixed ↓ [ 100% ] 50 VUs  30s

running (38.0s), 24/50 VUs, 3747 complete and 0 interrupted iterations
mixed ↓ [ 100% ] 50 VUs  30s

running (39.0s), 24/50 VUs, 3747 complete and 0 interrupted iterations
mixed ↓ [ 100% ] 50 VUs  30s

running (40.0s), 24/50 VUs, 3747 complete and 0 interrupted iterations
mixed ↓ [ 100% ] 50 VUs  30s


  █ THRESHOLDS 

    failed_requests
    ✓ 'rate<0.01' rate=0.00%


  █ TOTAL RESULTS 

    checks_total.......: 7494    187.356412/s
    checks_succeeded...: 100.00% 7494 out of 7494
    checks_failed......: 0.00%   0 out of 7494

    ✓ status ok
    ✓ has data

    CUSTOM
    failed_requests................: 0.00%  0 out of 3747
    ttfb...........................: avg=207.41ms min=36.81ms med=118.55ms max=26.35s p(90)=193.68ms p(95)=225.6ms 

    HTTP
    http_req_duration..............: avg=208.14ms min=37.02ms med=119.51ms max=26.35s p(90)=194.39ms p(95)=226.5ms 
      { expected_response:true }...: avg=208.14ms min=37.02ms med=119.51ms max=26.35s p(90)=194.39ms p(95)=226.5ms 
    http_req_failed................: 0.00%  0 out of 3747
    http_reqs......................: 3747   93.678206/s

    EXECUTION
    iteration_duration.............: avg=208.75ms min=37.36ms med=119.96ms max=26.36s p(90)=194.76ms p(95)=226.86ms
    iterations.....................: 3747   93.678206/s
    vus............................: 24     min=24        max=50
    vus_max........................: 50     min=50        max=50

    NETWORK
    data_received..................: 20 MB  510 kB/s
    data_sent......................: 641 kB 16 kB/s




running (40.0s), 00/50 VUs, 3747 complete and 24 interrupted iterations
mixed ✓ [ 100% ] 50 VUs  30s
