
         /\      Grafana   /‾‾/  
    /\  /  \     |\  __   /  /   
   /  \/    \    | |/ /  /   ‾‾\ 
  /          \   |   (  |  (‾)  |
 / __________ \  |_|\_\  \_____/ 


     execution: local
        script: k6/bench.js
        output: -

     scenarios: (100.00%) 1 scenario, 50 max VUs, 40s max duration (incl. graceful stop):
              * show: 50 looping VUs for 30s (exec: show, gracefulStop: 10s)


running (01.0s), 50/50 VUs, 152 complete and 0 interrupted iterations
show   [   3% ] 50 VUs  01.0s/30s

running (02.0s), 50/50 VUs, 291 complete and 0 interrupted iterations
show   [   7% ] 50 VUs  02.0s/30s

running (03.0s), 50/50 VUs, 422 complete and 0 interrupted iterations
show   [  10% ] 50 VUs  03.0s/30s

running (04.0s), 50/50 VUs, 579 complete and 0 interrupted iterations
show   [  13% ] 50 VUs  04.0s/30s

running (05.0s), 50/50 VUs, 749 complete and 0 interrupted iterations
show   [  17% ] 50 VUs  05.0s/30s

running (06.0s), 50/50 VUs, 906 complete and 0 interrupted iterations
show   [  20% ] 50 VUs  06.0s/30s

running (07.0s), 50/50 VUs, 1051 complete and 0 interrupted iterations
show   [  23% ] 50 VUs  07.0s/30s

running (08.0s), 50/50 VUs, 1186 complete and 0 interrupted iterations
show   [  27% ] 50 VUs  08.0s/30s

running (09.0s), 50/50 VUs, 1350 complete and 0 interrupted iterations
show   [  30% ] 50 VUs  09.0s/30s

running (10.0s), 50/50 VUs, 1501 complete and 0 interrupted iterations
show   [  33% ] 50 VUs  10.0s/30s

running (11.0s), 50/50 VUs, 1652 complete and 0 interrupted iterations
show   [  37% ] 50 VUs  11.0s/30s

running (12.0s), 50/50 VUs, 1785 complete and 0 interrupted iterations
show   [  40% ] 50 VUs  12.0s/30s

running (13.0s), 50/50 VUs, 1939 complete and 0 interrupted iterations
show   [  43% ] 50 VUs  13.0s/30s

running (14.0s), 50/50 VUs, 2074 complete and 0 interrupted iterations
show   [  47% ] 50 VUs  14.0s/30s

running (15.0s), 50/50 VUs, 2217 complete and 0 interrupted iterations
show   [  50% ] 50 VUs  15.0s/30s

running (16.0s), 50/50 VUs, 2380 complete and 0 interrupted iterations
show   [  53% ] 50 VUs  16.0s/30s

running (17.0s), 50/50 VUs, 2521 complete and 0 interrupted iterations
show   [  57% ] 50 VUs  17.0s/30s

running (18.0s), 50/50 VUs, 2683 complete and 0 interrupted iterations
show   [  60% ] 50 VUs  18.0s/30s

running (19.0s), 50/50 VUs, 2849 complete and 0 interrupted iterations
show   [  63% ] 50 VUs  19.0s/30s

running (20.0s), 50/50 VUs, 3025 complete and 0 interrupted iterations
show   [  67% ] 50 VUs  20.0s/30s

running (21.0s), 50/50 VUs, 3177 complete and 0 interrupted iterations
show   [  70% ] 50 VUs  21.0s/30s

running (22.0s), 50/50 VUs, 3336 complete and 0 interrupted iterations
show   [  73% ] 50 VUs  22.0s/30s

running (23.0s), 50/50 VUs, 3480 complete and 0 interrupted iterations
show   [  77% ] 50 VUs  23.0s/30s

running (24.0s), 50/50 VUs, 3645 complete and 0 interrupted iterations
show   [  80% ] 50 VUs  24.0s/30s

running (25.0s), 50/50 VUs, 3803 complete and 0 interrupted iterations
show   [  83% ] 50 VUs  25.0s/30s

running (26.0s), 50/50 VUs, 3966 complete and 0 interrupted iterations
show   [  87% ] 50 VUs  26.0s/30s

running (27.0s), 50/50 VUs, 4123 complete and 0 interrupted iterations
show   [  90% ] 50 VUs  27.0s/30s

running (28.0s), 50/50 VUs, 4282 complete and 0 interrupted iterations
show   [  93% ] 50 VUs  28.0s/30s

running (29.0s), 50/50 VUs, 4440 complete and 0 interrupted iterations
show   [  97% ] 50 VUs  29.0s/30s

running (30.0s), 50/50 VUs, 4600 complete and 0 interrupted iterations
show   [ 100% ] 50 VUs  30.0s/30s

running (31.0s), 25/50 VUs, 4625 complete and 0 interrupted iterations
show ↓ [ 100% ] 50 VUs  30s

running (32.0s), 25/50 VUs, 4625 complete and 0 interrupted iterations
show ↓ [ 100% ] 50 VUs  30s

running (33.0s), 25/50 VUs, 4625 complete and 0 interrupted iterations
show ↓ [ 100% ] 50 VUs  30s

running (34.0s), 25/50 VUs, 4625 complete and 0 interrupted iterations
show ↓ [ 100% ] 50 VUs  30s

running (35.0s), 25/50 VUs, 4625 complete and 0 interrupted iterations
show ↓ [ 100% ] 50 VUs  30s

running (36.0s), 25/50 VUs, 4625 complete and 0 interrupted iterations
show ↓ [ 100% ] 50 VUs  30s

running (37.0s), 25/50 VUs, 4625 complete and 0 interrupted iterations
show ↓ [ 100% ] 50 VUs  30s

running (38.0s), 25/50 VUs, 4625 complete and 0 interrupted iterations
show ↓ [ 100% ] 50 VUs  30s

running (39.0s), 25/50 VUs, 4625 complete and 0 interrupted iterations
show ↓ [ 100% ] 50 VUs  30s

running (40.0s), 25/50 VUs, 4625 complete and 0 interrupted iterations
show ↓ [ 100% ] 50 VUs  30s


  █ THRESHOLDS 

    failed_requests
    ✓ 'rate<0.01' rate=0.00%


  █ TOTAL RESULTS 

    checks_total.......: 9250    231.27348/s
    checks_succeeded...: 100.00% 9250 out of 9250
    checks_failed......: 0.00%   0 out of 9250

    ✓ status ok
    ✓ has data

    CUSTOM
    failed_requests................: 0.00%  0 out of 4625
    ttfb...........................: avg=188.99ms min=29.83ms med=111.07ms max=27.56s p(90)=180.68ms p(95)=197.55ms

    HTTP
    http_req_duration..............: avg=189.28ms min=29.93ms med=111.28ms max=27.56s p(90)=181.01ms p(95)=197.79ms
      { expected_response:true }...: avg=189.28ms min=29.93ms med=111.28ms max=27.56s p(90)=181.01ms p(95)=197.79ms
    http_req_failed................: 0.00%  0 out of 4625
    http_reqs......................: 4625   115.63674/s

    EXECUTION
    iteration_duration.............: avg=189.9ms  min=30.19ms med=111.89ms max=27.57s p(90)=181.48ms p(95)=198.57ms
    iterations.....................: 4625   115.63674/s
    vus............................: 25     min=25        max=50
    vus_max........................: 50     min=50        max=50

    NETWORK
    data_received..................: 2.6 MB 66 kB/s
    data_sent......................: 828 kB 21 kB/s




running (40.0s), 00/50 VUs, 4625 complete and 25 interrupted iterations
show ✓ [ 100% ] 50 VUs  30s
