
         /\      Grafana   /‾‾/  
    /\  /  \     |\  __   /  /   
   /  \/    \    | |/ /  /   ‾‾\ 
  /          \   |   (  |  (‾)  |
 / __________ \  |_|\_\  \_____/ 


     execution: local
        script: k6/bench.js
        output: -

     scenarios: (100.00%) 1 scenario, 50 max VUs, 40s max duration (incl. graceful stop):
              * write: 50 looping VUs for 30s (exec: write, gracefulStop: 10s)


running (01.0s), 50/50 VUs, 115 complete and 0 interrupted iterations
write   [   3% ] 50 VUs  01.0s/30s

running (02.0s), 50/50 VUs, 234 complete and 0 interrupted iterations
write   [   7% ] 50 VUs  02.0s/30s

running (03.0s), 50/50 VUs, 331 complete and 0 interrupted iterations
write   [  10% ] 50 VUs  03.0s/30s

running (04.0s), 50/50 VUs, 446 complete and 0 interrupted iterations
write   [  13% ] 50 VUs  04.0s/30s

running (05.0s), 50/50 VUs, 569 complete and 0 interrupted iterations
write   [  17% ] 50 VUs  05.0s/30s

running (06.0s), 50/50 VUs, 684 complete and 0 interrupted iterations
write   [  20% ] 50 VUs  06.0s/30s

running (07.0s), 50/50 VUs, 817 complete and 0 interrupted iterations
write   [  23% ] 50 VUs  07.0s/30s

running (08.0s), 50/50 VUs, 940 complete and 0 interrupted iterations
write   [  27% ] 50 VUs  08.0s/30s

running (09.0s), 50/50 VUs, 1061 complete and 0 interrupted iterations
write   [  30% ] 50 VUs  09.0s/30s

running (10.0s), 50/50 VUs, 1174 complete and 0 interrupted iterations
write   [  33% ] 50 VUs  10.0s/30s

running (11.0s), 50/50 VUs, 1296 complete and 0 interrupted iterations
write   [  37% ] 50 VUs  11.0s/30s

running (12.0s), 50/50 VUs, 1429 complete and 0 interrupted iterations
write   [  40% ] 50 VUs  12.0s/30s

running (13.0s), 50/50 VUs, 1556 complete and 0 interrupted iterations
write   [  43% ] 50 VUs  13.0s/30s

running (14.0s), 50/50 VUs, 1680 complete and 0 interrupted iterations
write   [  47% ] 50 VUs  14.0s/30s

running (15.0s), 50/50 VUs, 1808 complete and 0 interrupted iterations
write   [  50% ] 50 VUs  15.0s/30s

running (16.0s), 50/50 VUs, 1935 complete and 0 interrupted iterations
write   [  53% ] 50 VUs  16.0s/30s

running (17.0s), 50/50 VUs, 2072 complete and 0 interrupted iterations
write   [  57% ] 50 VUs  17.0s/30s

running (18.0s), 50/50 VUs, 2209 complete and 0 interrupted iterations
write   [  60% ] 50 VUs  18.0s/30s

running (19.0s), 50/50 VUs, 2343 complete and 0 interrupted iterations
write   [  63% ] 50 VUs  19.0s/30s

running (20.0s), 50/50 VUs, 2473 complete and 0 interrupted iterations
write   [  67% ] 50 VUs  20.0s/30s

running (21.0s), 50/50 VUs, 2596 complete and 0 interrupted iterations
write   [  70% ] 50 VUs  21.0s/30s

running (22.0s), 50/50 VUs, 2722 complete and 0 interrupted iterations
write   [  73% ] 50 VUs  22.0s/30s

running (23.0s), 50/50 VUs, 2849 complete and 0 interrupted iterations
write   [  77% ] 50 VUs  23.0s/30s

running (24.0s), 50/50 VUs, 2981 complete and 0 interrupted iterations
write   [  80% ] 50 VUs  24.0s/30s

running (25.0s), 50/50 VUs, 3111 complete and 0 interrupted iterations
write   [  83% ] 50 VUs  25.0s/30s

running (26.0s), 50/50 VUs, 3235 complete and 0 interrupted iterations
write   [  87% ] 50 VUs  26.0s/30s

running (27.0s), 50/50 VUs, 3374 complete and 0 interrupted iterations
write   [  90% ] 50 VUs  27.0s/30s

running (28.0s), 50/50 VUs, 3522 complete and 0 interrupted iterations
write   [  93% ] 50 VUs  28.0s/30s

running (29.0s), 50/50 VUs, 3660 complete and 0 interrupted iterations
write   [  97% ] 50 VUs  29.0s/30s

running (30.0s), 50/50 VUs, 3794 complete and 0 interrupted iterations
write   [ 100% ] 50 VUs  30.0s/30s

running (31.0s), 21/50 VUs, 3824 complete and 0 interrupted iterations
write ↓ [ 100% ] 50 VUs  30s

running (32.0s), 21/50 VUs, 3824 complete and 0 interrupted iterations
write ↓ [ 100% ] 50 VUs  30s

running (33.0s), 21/50 VUs, 3824 complete and 0 interrupted iterations
write ↓ [ 100% ] 50 VUs  30s

running (34.0s), 21/50 VUs, 3824 complete and 0 interrupted iterations
write ↓ [ 100% ] 50 VUs  30s

running (35.0s), 21/50 VUs, 3824 complete and 0 interrupted iterations
write ↓ [ 100% ] 50 VUs  30s

running (36.0s), 21/50 VUs, 3824 complete and 0 interrupted iterations
write ↓ [ 100% ] 50 VUs  30s

running (37.0s), 21/50 VUs, 3824 complete and 0 interrupted iterations
write ↓ [ 100% ] 50 VUs  30s

running (38.0s), 21/50 VUs, 3824 complete and 0 interrupted iterations
write ↓ [ 100% ] 50 VUs  30s

running (39.0s), 21/50 VUs, 3824 complete and 0 interrupted iterations
write ↓ [ 100% ] 50 VUs  30s

running (40.0s), 21/50 VUs, 3824 complete and 0 interrupted iterations
write ↓ [ 100% ] 50 VUs  30s


  █ THRESHOLDS 

    failed_requests
    ✓ 'rate<0.01' rate=0.00%


  █ TOTAL RESULTS 

    checks_total.......: 7648    191.223216/s
    checks_succeeded...: 100.00% 7648 out of 7648
    checks_failed......: 0.00%   0 out of 7648

    ✓ status ok
    ✓ has data

    CUSTOM
    failed_requests................: 0.00%  0 out of 3824
    ttfb...........................: avg=235.98ms min=29.11ms med=118.94ms max=28.16s p(90)=218.67ms p(95)=282.37ms

    HTTP
    http_req_duration..............: avg=236.3ms  min=29.31ms med=119.26ms max=28.16s p(90)=219.44ms p(95)=283.1ms 
      { expected_response:true }...: avg=236.3ms  min=29.31ms med=119.26ms max=28.16s p(90)=219.44ms p(95)=283.1ms 
    http_req_failed................: 0.00%  0 out of 3824
    http_reqs......................: 3824   95.611608/s

    EXECUTION
    iteration_duration.............: avg=236.98ms min=29.66ms med=119.89ms max=28.18s p(90)=220.1ms  p(95)=283.56ms
    iterations.....................: 3824   95.611608/s
    vus............................: 21     min=21        max=50
    vus_max........................: 50     min=50        max=50

    NETWORK
    data_received..................: 2.3 MB 57 kB/s
    data_sent......................: 1.2 MB 29 kB/s




running (40.0s), 00/50 VUs, 3824 complete and 21 interrupted iterations
write ✓ [ 100% ] 50 VUs  30s
