
         /\      Grafana   /‾‾/  
    /\  /  \     |\  __   /  /   
   /  \/    \    | |/ /  /   ‾‾\ 
  /          \   |   (  |  (‾)  |
 / __________ \  |_|\_\  \_____/ 


     execution: local
        script: k6/bench.js
        output: -

     scenarios: (100.00%) 1 scenario, 50 max VUs, 40s max duration (incl. graceful stop):
              * mixed: 50 looping VUs for 30s (exec: mixed, gracefulStop: 10s)


running (01.0s), 50/50 VUs, 115 complete and 0 interrupted iterations
mixed   [   3% ] 50 VUs  01.0s/30s

running (02.0s), 50/50 VUs, 227 complete and 0 interrupted iterations
mixed   [   7% ] 50 VUs  02.0s/30s

running (03.0s), 50/50 VUs, 346 complete and 0 interrupted iterations
mixed   [  10% ] 50 VUs  03.0s/30s

running (04.0s), 50/50 VUs, 476 complete and 0 interrupted iterations
mixed   [  13% ] 50 VUs  04.0s/30s

running (05.0s), 50/50 VUs, 601 complete and 0 interrupted iterations
mixed   [  17% ] 50 VUs  05.0s/30s

running (06.0s), 50/50 VUs, 726 complete and 0 interrupted iterations
mixed   [  20% ] 50 VUs  06.0s/30s

running (07.0s), 50/50 VUs, 854 complete and 0 interrupted iterations
mixed   [  23% ] 50 VUs  07.0s/30s

running (08.0s), 50/50 VUs, 988 complete and 0 interrupted iterations
mixed   [  27% ] 50 VUs  08.0s/30s

running (09.0s), 50/50 VUs, 1110 complete and 0 interrupted iterations
mixed   [  30% ] 50 VUs  09.0s/30s

running (10.0s), 50/50 VUs, 1232 complete and 0 interrupted iterations
mixed   [  33% ] 50 VUs  10.0s/30s

running (11.0s), 50/50 VUs, 1349 complete and 0 interrupted iterations
mixed   [  37% ] 50 VUs  11.0s/30s

running (12.0s), 50/50 VUs, 1482 complete and 0 interrupted iterations
mixed   [  40% ] 50 VUs  12.0s/30s

running (13.0s), 50/50 VUs, 1607 complete and 0 interrupted iterations
mixed   [  43% ] 50 VUs  13.0s/30s

running (14.0s), 50/50 VUs, 1712 complete and 0 interrupted iterations
mixed   [  47% ] 50 VUs  14.0s/30s

running (15.0s), 50/50 VUs, 1841 complete and 0 interrupted iterations
mixed   [  50% ] 50 VUs  15.0s/30s

running (16.0s), 50/50 VUs, 1968 complete and 0 interrupted iterations
mixed   [  53% ] 50 VUs  16.0s/30s

running (17.0s), 50/50 VUs, 2100 complete and 0 interrupted iterations
mixed   [  57% ] 50 VUs  17.0s/30s

running (18.0s), 50/50 VUs, 2229 complete and 0 interrupted iterations
mixed   [  60% ] 50 VUs  18.0s/30s

running (19.0s), 50/50 VUs, 2358 complete and 0 interrupted iterations
mixed   [  63% ] 50 VUs  19.0s/30s

running (20.0s), 50/50 VUs, 2474 complete and 0 interrupted iterations
mixed   [  67% ] 50 VUs  20.0s/30s

running (21.0s), 50/50 VUs, 2601 complete and 0 interrupted iterations
mixed   [  70% ] 50 VUs  21.0s/30s

running (22.0s), 50/50 VUs, 2728 complete and 0 interrupted iterations
mixed   [  73% ] 50 VUs  22.0s/30s

running (23.0s), 50/50 VUs, 2855 complete and 0 interrupted iterations
mixed   [  77% ] 50 VUs  23.0s/30s

running (24.0s), 50/50 VUs, 2980 complete and 0 interrupted iterations
mixed   [  80% ] 50 VUs  24.0s/30s

running (25.0s), 50/50 VUs, 3117 complete and 0 interrupted iterations
mixed   [  83% ] 50 VUs  25.0s/30s

running (26.0s), 50/50 VUs, 3252 complete and 0 interrupted iterations
mixed   [  87% ] 50 VUs  26.0s/30s

running (27.0s), 50/50 VUs, 3383 complete and 0 interrupted iterations
mixed   [  90% ] 50 VUs  27.0s/30s

running (28.0s), 50/50 VUs, 3517 complete and 0 interrupted iterations
mixed   [  93% ] 50 VUs  28.0s/30s

running (29.0s), 50/50 VUs, 3637 complete and 0 interrupted iterations
mixed   [  97% ] 50 VUs  29.0s/30s

running (30.0s), 50/50 VUs, 3769 complete and 0 interrupted iterations
mixed   [ 100% ] 50 VUs  30.0s/30s

running (31.0s), 19/50 VUs, 3802 complete and 0 interrupted iterations
mixed ↓ [ 100% ] 50 VUs  30s

running (32.0s), 19/50 VUs, 3802 complete and 0 interrupted iterations
mixed ↓ [ 100% ] 50 VUs  30s

running (33.0s), 19/50 VUs, 3802 complete and 0 interrupted iterations
mixed ↓ [ 100% ] 50 VUs  30s

running (34.0s), 19/50 VUs, 3802 complete and 0 interrupted iterations
mixed ↓ [ 100% ] 50 VUs  30s

running (35.0s), 19/50 VUs, 3802 complete and 0 interrupted iterations
mixed ↓ [ 100% ] 50 VUs  30s

running (36.0s), 19/50 VUs, 3802 complete and 0 interrupted iterations
mixed ↓ [ 100% ] 50 VUs  30s

running (37.0s), 19/50 VUs, 3802 complete and 0 interrupted iterations
mixed ↓ [ 100% ] 50 VUs  30s

running (38.0s), 19/50 VUs, 3802 complete and 0 interrupted iterations
mixed ↓ [ 100% ] 50 VUs  30s

running (39.0s), 19/50 VUs, 3802 complete and 0 interrupted iterations
mixed ↓ [ 100% ] 50 VUs  30s

running (40.0s), 19/50 VUs, 3802 complete and 0 interrupted iterations
mixed ↓ [ 100% ] 50 VUs  30s


  █ THRESHOLDS 

    failed_requests
    ✓ 'rate<0.01' rate=0.00%


  █ TOTAL RESULTS 

    checks_total.......: 7604    190.111869/s
    checks_succeeded...: 100.00% 7604 out of 7604
    checks_failed......: 0.00%   0 out of 7604

    ✓ status ok
    ✓ has data

    CUSTOM
    failed_requests................: 0.00%  0 out of 3802
    ttfb...........................: avg=255.32ms min=43.33ms med=186.59ms max=26.53s p(90)=283.94ms p(95)=308.3ms 

    HTTP
    http_req_duration..............: avg=256.14ms min=43.45ms med=187.39ms max=26.53s p(90)=284.89ms p(95)=309.52ms
      { expected_response:true }...: avg=256.14ms min=43.45ms med=187.39ms max=26.53s p(90)=284.89ms p(95)=309.52ms
    http_req_failed................: 0.00%  0 out of 3802
    http_reqs......................: 3802   95.055935/s

    EXECUTION
    iteration_duration.............: avg=256.76ms min=43.76ms med=187.81ms max=26.54s p(90)=286.03ms p(95)=309.95ms
    iterations.....................: 3802   95.055935/s
    vus............................: 19     min=19        max=50
    vus_max........................: 50     min=50        max=50

    NETWORK
    data_received..................: 21 MB  520 kB/s
    data_sent......................: 648 kB 16 kB/s




running (40.0s), 00/50 VUs, 3802 complete and 19 interrupted iterations
mixed ✓ [ 100% ] 50 VUs  30s
