
         /\      Grafana   /‾‾/  
    /\  /  \     |\  __   /  /   
   /  \/    \    | |/ /  /   ‾‾\ 
  /          \   |   (  |  (‾)  |
 / __________ \  |_|\_\  \_____/ 


     execution: local
        script: k6/bench.js
        output: -

     scenarios: (100.00%) 1 scenario, 50 max VUs, 40s max duration (incl. graceful stop):
              * write: 50 looping VUs for 30s (exec: write, gracefulStop: 10s)


running (01.0s), 50/50 VUs, 145 complete and 0 interrupted iterations
write   [   3% ] 50 VUs  01.0s/30s

running (02.0s), 50/50 VUs, 294 complete and 0 interrupted iterations
write   [   7% ] 50 VUs  02.0s/30s

running (03.0s), 50/50 VUs, 447 complete and 0 interrupted iterations
write   [  10% ] 50 VUs  03.0s/30s

running (04.0s), 50/50 VUs, 605 complete and 0 interrupted iterations
write   [  13% ] 50 VUs  04.0s/30s

running (05.0s), 50/50 VUs, 749 complete and 0 interrupted iterations
write   [  17% ] 50 VUs  05.0s/30s

running (06.0s), 50/50 VUs, 886 complete and 0 interrupted iterations
write   [  20% ] 50 VUs  06.0s/30s

running (07.0s), 50/50 VUs, 1019 complete and 0 interrupted iterations
write   [  23% ] 50 VUs  07.0s/30s

running (08.0s), 50/50 VUs, 1146 complete and 0 interrupted iterations
write   [  27% ] 50 VUs  08.0s/30s

running (09.0s), 50/50 VUs, 1251 complete and 0 interrupted iterations
write   [  30% ] 50 VUs  09.0s/30s

running (10.0s), 50/50 VUs, 1375 complete and 0 interrupted iterations
write   [  33% ] 50 VUs  10.0s/30s

running (11.0s), 50/50 VUs, 1507 complete and 0 interrupted iterations
write   [  37% ] 50 VUs  11.0s/30s

running (12.0s), 50/50 VUs, 1653 complete and 0 interrupted iterations
write   [  40% ] 50 VUs  12.0s/30s

running (13.0s), 50/50 VUs, 1803 complete and 0 interrupted iterations
write   [  43% ] 50 VUs  13.0s/30s

running (14.0s), 50/50 VUs, 1933 complete and 0 interrupted iterations
write   [  47% ] 50 VUs  14.0s/30s

running (15.0s), 50/50 VUs, 2063 complete and 0 interrupted iterations
write   [  50% ] 50 VUs  15.0s/30s

running (16.0s), 50/50 VUs, 2206 complete and 0 interrupted iterations
write   [  53% ] 50 VUs  16.0s/30s

running (17.0s), 50/50 VUs, 2329 complete and 0 interrupted iterations
write   [  57% ] 50 VUs  17.0s/30s

running (18.0s), 50/50 VUs, 2477 complete and 0 interrupted iterations
write   [  60% ] 50 VUs  18.0s/30s

running (19.0s), 50/50 VUs, 2616 complete and 0 interrupted iterations
write   [  63% ] 50 VUs  19.0s/30s

running (20.0s), 50/50 VUs, 2766 complete and 0 interrupted iterations
write   [  67% ] 50 VUs  20.0s/30s

running (21.0s), 50/50 VUs, 2909 complete and 0 interrupted iterations
write   [  70% ] 50 VUs  21.0s/30s

running (22.0s), 50/50 VUs, 3061 complete and 0 interrupted iterations
write   [  73% ] 50 VUs  22.0s/30s

running (23.0s), 50/50 VUs, 3206 complete and 0 interrupted iterations
write   [  77% ] 50 VUs  23.0s/30s

running (24.0s), 50/50 VUs, 3348 complete and 0 interrupted iterations
write   [  80% ] 50 VUs  24.0s/30s

running (25.0s), 50/50 VUs, 3458 complete and 0 interrupted iterations
write   [  83% ] 50 VUs  25.0s/30s

running (26.0s), 50/50 VUs, 3566 complete and 0 interrupted iterations
write   [  87% ] 50 VUs  26.0s/30s

running (27.0s), 50/50 VUs, 3657 complete and 0 interrupted iterations
write   [  90% ] 50 VUs  27.0s/30s

running (28.0s), 50/50 VUs, 3761 complete and 0 interrupted iterations
write   [  93% ] 50 VUs  28.0s/30s

running (29.0s), 50/50 VUs, 3865 complete and 0 interrupted iterations
write   [  97% ] 50 VUs  29.0s/30s

running (30.0s), 50/50 VUs, 3959 complete and 0 interrupted iterations
write   [ 100% ] 50 VUs  30.0s/30s

running (31.0s), 22/50 VUs, 3988 complete and 0 interrupted iterations
write ↓ [ 100% ] 50 VUs  30s

running (32.0s), 22/50 VUs, 3988 complete and 0 interrupted iterations
write ↓ [ 100% ] 50 VUs  30s

running (33.0s), 22/50 VUs, 3988 complete and 0 interrupted iterations
write ↓ [ 100% ] 50 VUs  30s

running (34.0s), 22/50 VUs, 3988 complete and 0 interrupted iterations
write ↓ [ 100% ] 50 VUs  30s

running (35.0s), 22/50 VUs, 3988 complete and 0 interrupted iterations
write ↓ [ 100% ] 50 VUs  30s

running (36.0s), 22/50 VUs, 3988 complete and 0 interrupted iterations
write ↓ [ 100% ] 50 VUs  30s

running (37.0s), 22/50 VUs, 3988 complete and 0 interrupted iterations
write ↓ [ 100% ] 50 VUs  30s

running (38.0s), 22/50 VUs, 3988 complete and 0 interrupted iterations
write ↓ [ 100% ] 50 VUs  30s

running (39.0s), 22/50 VUs, 3988 complete and 0 interrupted iterations
write ↓ [ 100% ] 50 VUs  30s

running (40.0s), 22/50 VUs, 3988 complete and 0 interrupted iterations
write ↓ [ 100% ] 50 VUs  30s


  █ THRESHOLDS 

    failed_requests
    ✓ 'rate<0.01' rate=0.00%


  █ TOTAL RESULTS 

    checks_total.......: 7976    199.407841/s
    checks_succeeded...: 100.00% 7976 out of 7976
    checks_failed......: 0.00%   0 out of 7976

    ✓ status ok
    ✓ has data

    CUSTOM
    failed_requests................: 0.00%  0 out of 3988
    ttfb...........................: avg=225.98ms min=24.25ms med=109.65ms max=29.52s p(90)=236.43ms p(95)=306.49ms

    HTTP
    http_req_duration..............: avg=226.27ms min=24.4ms  med=109.91ms max=29.52s p(90)=236.66ms p(95)=306.69ms
      { expected_response:true }...: avg=226.27ms min=24.4ms  med=109.91ms max=29.52s p(90)=236.66ms p(95)=306.69ms
    http_req_failed................: 0.00%  0 out of 3988
    http_reqs......................: 3988   99.70392/s

    EXECUTION
    iteration_duration.............: avg=226.87ms min=24.72ms med=110.59ms max=29.53s p(90)=237.03ms p(95)=306.98ms
    iterations.....................: 3988   99.70392/s
    vus............................: 22     min=22        max=50
    vus_max........................: 50     min=50        max=50

    NETWORK
    data_received..................: 2.4 MB 59 kB/s
    data_sent......................: 1.2 MB 30 kB/s




running (40.0s), 00/50 VUs, 3988 complete and 22 interrupted iterations
write ✓ [ 100% ] 50 VUs  30s
