
         /\      Grafana   /‾‾/  
    /\  /  \     |\  __   /  /   
   /  \/    \    | |/ /  /   ‾‾\ 
  /          \   |   (  |  (‾)  |
 / __________ \  |_|\_\  \_____/ 


     execution: local
        script: k6/bench.js
        output: -

     scenarios: (100.00%) 1 scenario, 50 max VUs, 40s max duration (incl. graceful stop):
              * write: 50 looping VUs for 30s (exec: write, gracefulStop: 10s)


running (01.0s), 50/50 VUs, 803 complete and 0 interrupted iterations
write   [   3% ] 50 VUs  01.0s/30s

running (02.0s), 50/50 VUs, 1546 complete and 0 interrupted iterations
write   [   7% ] 50 VUs  02.0s/30s

running (03.0s), 50/50 VUs, 2280 complete and 0 interrupted iterations
write   [  10% ] 50 VUs  03.0s/30s

running (04.0s), 50/50 VUs, 3026 complete and 0 interrupted iterations
write   [  13% ] 50 VUs  04.0s/30s

running (05.0s), 50/50 VUs, 3575 complete and 0 interrupted iterations
write   [  17% ] 50 VUs  05.0s/30s

running (06.0s), 50/50 VUs, 4169 complete and 0 interrupted iterations
write   [  20% ] 50 VUs  06.0s/30s

running (07.0s), 50/50 VUs, 4928 complete and 0 interrupted iterations
write   [  23% ] 50 VUs  07.0s/30s

running (08.0s), 50/50 VUs, 5705 complete and 0 interrupted iterations
write   [  27% ] 50 VUs  08.0s/30s

running (09.0s), 50/50 VUs, 6507 complete and 0 interrupted iterations
write   [  30% ] 50 VUs  09.0s/30s

running (10.0s), 50/50 VUs, 7376 complete and 0 interrupted iterations
write   [  33% ] 50 VUs  10.0s/30s

running (11.0s), 50/50 VUs, 8232 complete and 0 interrupted iterations
write   [  37% ] 50 VUs  11.0s/30s

running (12.0s), 50/50 VUs, 9028 complete and 0 interrupted iterations
write   [  40% ] 50 VUs  12.0s/30s

running (13.0s), 50/50 VUs, 9838 complete and 0 interrupted iterations
write   [  43% ] 50 VUs  13.0s/30s

running (14.0s), 50/50 VUs, 10614 complete and 0 interrupted iterations
write   [  47% ] 50 VUs  14.0s/30s

running (15.0s), 50/50 VUs, 11362 complete and 0 interrupted iterations
write   [  50% ] 50 VUs  15.0s/30s

running (16.0s), 50/50 VUs, 12197 complete and 0 interrupted iterations
write   [  53% ] 50 VUs  16.0s/30s

running (17.0s), 50/50 VUs, 13045 complete and 0 interrupted iterations
write   [  57% ] 50 VUs  17.0s/30s

running (18.0s), 50/50 VUs, 13865 complete and 0 interrupted iterations
write   [  60% ] 50 VUs  18.0s/30s

running (19.0s), 50/50 VUs, 14696 complete and 0 interrupted iterations
write   [  63% ] 50 VUs  19.0s/30s

running (20.0s), 50/50 VUs, 15490 complete and 0 interrupted iterations
write   [  67% ] 50 VUs  20.0s/30s

running (21.0s), 50/50 VUs, 16336 complete and 0 interrupted iterations
write   [  70% ] 50 VUs  21.0s/30s

running (22.0s), 50/50 VUs, 17198 complete and 0 interrupted iterations
write   [  73% ] 50 VUs  22.0s/30s

running (23.0s), 50/50 VUs, 18061 complete and 0 interrupted iterations
write   [  77% ] 50 VUs  23.0s/30s

running (24.0s), 50/50 VUs, 18846 complete and 0 interrupted iterations
write   [  80% ] 50 VUs  24.0s/30s

running (25.0s), 50/50 VUs, 19673 complete and 0 interrupted iterations
write   [  83% ] 50 VUs  25.0s/30s

running (26.0s), 50/50 VUs, 20513 complete and 0 interrupted iterations
write   [  87% ] 50 VUs  26.0s/30s

running (27.0s), 50/50 VUs, 21333 complete and 0 interrupted iterations
write   [  90% ] 50 VUs  27.0s/30s

running (28.0s), 50/50 VUs, 22169 complete and 0 interrupted iterations
write   [  93% ] 50 VUs  28.0s/30s

running (29.0s), 50/50 VUs, 23023 complete and 0 interrupted iterations
write   [  97% ] 50 VUs  29.0s/30s

running (30.0s), 50/50 VUs, 23881 complete and 0 interrupted iterations
write   [ 100% ] 50 VUs  30.0s/30s


  █ THRESHOLDS 

    failed_requests
    ✓ 'rate<0.01' rate=0.00%


  █ TOTAL RESULTS 

    checks_total.......: 47910   1593.15929/s
    checks_succeeded...: 100.00% 47910 out of 47910
    checks_failed......: 0.00%   0 out of 47910

    ✓ status ok
    ✓ has data

    CUSTOM
    failed_requests................: 0.00%  0 out of 23955
    ttfb...........................: avg=61.98ms min=2.24ms med=73.23ms max=307.11ms p(90)=97.86ms p(95)=104.07ms

    HTTP
    http_req_duration..............: avg=62.39ms min=2.3ms  med=73.71ms max=307.22ms p(90)=98.11ms p(95)=104.38ms
      { expected_response:true }...: avg=62.39ms min=2.3ms  med=73.71ms max=307.22ms p(90)=98.11ms p(95)=104.38ms
    http_req_failed................: 0.00%  0 out of 23955
    http_reqs......................: 23955  796.579645/s

    EXECUTION
    iteration_duration.............: avg=62.7ms  min=2.46ms med=74ms    max=307.75ms p(90)=98.4ms  p(95)=104.8ms 
    iterations.....................: 23955  796.579645/s
    vus............................: 50     min=50         max=50
    vus_max........................: 50     min=50         max=50

    NETWORK
    data_received..................: 12 MB  410 kB/s
    data_sent......................: 7.2 MB 241 kB/s




running (30.1s), 00/50 VUs, 23955 complete and 0 interrupted iterations
write ✓ [ 100% ] 50 VUs  30s
